Component: ARM Compiler 5.06 update 6 (build 750) Tool: armlink [4d35ed]

==============================================================================

Section Cross References

    startup_stm32f103xb.o(STACK) refers (Special) to heapauxi.o(.text) for __use_two_region_memory
    startup_stm32f103xb.o(HEAP) refers (Special) to heapauxi.o(.text) for __use_two_region_memory
    startup_stm32f103xb.o(RESET) refers (Special) to heapauxi.o(.text) for __use_two_region_memory
    startup_stm32f103xb.o(RESET) refers to startup_stm32f103xb.o(STACK) for __initial_sp
    startup_stm32f103xb.o(RESET) refers to startup_stm32f103xb.o(.text) for Reset_Handler
    startup_stm32f103xb.o(RESET) refers to stm32f1xx_it.o(i.NMI_Handler) for NMI_Handler
    startup_stm32f103xb.o(RESET) refers to stm32f1xx_it.o(i.HardFault_Handler) for HardFault_Handler
    startup_stm32f103xb.o(RESET) refers to stm32f1xx_it.o(i.MemManage_Handler) for MemManage_Handler
    startup_stm32f103xb.o(RESET) refers to stm32f1xx_it.o(i.BusFault_Handler) for BusFault_Handler
    startup_stm32f103xb.o(RESET) refers to stm32f1xx_it.o(i.UsageFault_Handler) for UsageFault_Handler
    startup_stm32f103xb.o(RESET) refers to port_1.o(.emb_text) for SVC_Handler
    startup_stm32f103xb.o(RESET) refers to stm32f1xx_it.o(i.DebugMon_Handler) for DebugMon_Handler
    startup_stm32f103xb.o(RESET) refers to stm32f1xx_it.o(i.SysTick_Handler) for SysTick_Handler
    startup_stm32f103xb.o(RESET) refers to stm32f1xx_it.o(i.USB_LP_CAN1_RX0_IRQHandler) for USB_LP_CAN1_RX0_IRQHandler
    startup_stm32f103xb.o(RESET) refers to stm32f1xx_it.o(i.TIM2_IRQHandler) for TIM2_IRQHandler
    startup_stm32f103xb.o(RESET) refers to stm32f1xx_it.o(i.TIM3_IRQHandler) for TIM3_IRQHandler
    startup_stm32f103xb.o(RESET) refers to stm32f1xx_it.o(i.USART1_IRQHandler) for USART1_IRQHandler
    startup_stm32f103xb.o(RESET) refers to stm32f1xx_it.o(i.USART3_IRQHandler) for USART3_IRQHandler
    startup_stm32f103xb.o(.text) refers (Special) to heapauxi.o(.text) for __use_two_region_memory
    startup_stm32f103xb.o(.text) refers to system_stm32f1xx.o(i.SystemInit) for SystemInit
    startup_stm32f103xb.o(.text) refers to __main.o(!!!main) for __main
    startup_stm32f103xb.o(.text) refers to startup_stm32f103xb.o(HEAP) for Heap_Mem
    startup_stm32f103xb.o(.text) refers to startup_stm32f103xb.o(STACK) for Stack_Mem
    main.o(i.SystemClock_Config) refers to rt_memclr_w.o(.text) for __aeabi_memclr4
    main.o(i.SystemClock_Config) refers to stm32f1xx_hal_rcc.o(i.HAL_RCC_OscConfig) for HAL_RCC_OscConfig
    main.o(i.SystemClock_Config) refers to main.o(i.Error_Handler) for Error_Handler
    main.o(i.SystemClock_Config) refers to stm32f1xx_hal_rcc.o(i.HAL_RCC_ClockConfig) for HAL_RCC_ClockConfig
    main.o(i.main) refers to stm32f1xx_hal.o(i.HAL_Init) for HAL_Init
    main.o(i.main) refers to main.o(i.SystemClock_Config) for SystemClock_Config
    main.o(i.main) refers to gpio.o(i.MX_GPIO_Init) for MX_GPIO_Init
    main.o(i.main) refers to usart.o(i.MX_USART1_UART_Init) for MX_USART1_UART_Init
    main.o(i.main) refers to can.o(i.MX_CAN_Init) for MX_CAN_Init
    main.o(i.main) refers to i2c.o(i.MX_I2C1_Init) for MX_I2C1_Init
    main.o(i.main) refers to tim.o(i.MX_TIM2_Init) for MX_TIM2_Init
    main.o(i.main) refers to spi.o(i.MX_SPI1_Init) for MX_SPI1_Init
    main.o(i.main) refers to tim.o(i.MX_TIM3_Init) for MX_TIM3_Init
    main.o(i.main) refers to usart.o(i.MX_USART3_UART_Init) for MX_USART3_UART_Init
    main.o(i.main) refers to stm32f1xx_hal_uart.o(i.HAL_UART_Transmit) for HAL_UART_Transmit
    main.o(i.main) refers to stm32f1xx_hal_uart.o(i.HAL_UART_Receive_IT) for HAL_UART_Receive_IT
    main.o(i.main) refers to can.o(i.Can_Filter_Config) for Can_Filter_Config
    main.o(i.main) refers to can.o(i.Can_Start) for Can_Start
    main.o(i.main) refers to mb.o(i.eMBInit) for eMBInit
    main.o(i.main) refers to mb.o(i.eMBEnable) for eMBEnable
    main.o(i.main) refers to freertos.o(i.MX_FREERTOS_Init) for MX_FREERTOS_Init
    main.o(i.main) refers to cmsis_os.o(i.osKernelStart) for osKernelStart
    main.o(i.main) refers to tim.o(.bss) for htim2
    main.o(i.main) refers to usart.o(.bss) for huart1
    main.o(i.main) refers to usart.o(.data) for RxBuf
    gpio.o(i.MX_GPIO_Init) refers to stm32f1xx_hal_gpio.o(i.HAL_GPIO_WritePin) for HAL_GPIO_WritePin
    gpio.o(i.MX_GPIO_Init) refers to stm32f1xx_hal_gpio.o(i.HAL_GPIO_Init) for HAL_GPIO_Init
    can.o(i.Can_Filter_Config) refers to stm32f1xx_hal_can.o(i.HAL_CAN_ConfigFilter) for HAL_CAN_ConfigFilter
    can.o(i.Can_Filter_Config) refers to main.o(i.Error_Handler) for Error_Handler
    can.o(i.Can_Filter_Config) refers to can.o(.bss) for hcan
    can.o(i.Can_Start) refers to stm32f1xx_hal_can.o(i.HAL_CAN_Start) for HAL_CAN_Start
    can.o(i.Can_Start) refers to main.o(i.Error_Handler) for Error_Handler
    can.o(i.Can_Start) refers to stm32f1xx_hal_can.o(i.HAL_CAN_ActivateNotification) for HAL_CAN_ActivateNotification
[...]
    .data                                    0x2000010c   Section        2  mbfuncother.o(.data)
    usMBSlaveIDLen                           0x2000010c   Data           2  mbfuncother.o(.data)
    .data                                    0x20000110   Section       12  mbrtu.o(.data)
    eSndState                                0x20000110   Data           1  mbrtu.o(.data)
    eRcvState                                0x20000111   Data           1  mbrtu.o(.data)
    pucSndBufferCur                          0x20000114   Data           4  mbrtu.o(.data)
    usSndBufferCount                         0x20000118   Data           2  mbrtu.o(.data)
    usRcvBufferPos                           0x2000011a   Data           2  mbrtu.o(.data)
    .data                                    0x2000011c   Section       12  port.o(.data)
    usRegInputStart                          0x2000011c   Data           2  port.o(.data)
    usRegInputBuf                            0x2000011e   Data           8  port.o(.data)
    usRegHoldingStart                        0x20000126   Data           2  port.o(.data)
    .data                                    0x20000128   Section        2  portevent.o(.data)
    eQueuedEvent                             0x20000128   Data           1  portevent.o(.data)
    xEventInQueue                            0x20000129   Data           1  portevent.o(.data)
    .data                                    0x2000012c   Section       60  tasks.o(.data)
    pxDelayedTaskList                        0x20000130   Data           4  tasks.o(.data)
    pxOverflowDelayedTaskList                0x20000134   Data           4  tasks.o(.data)
    uxDeletedTasksWaitingCleanUp             0x20000138   Data           4  tasks.o(.data)
    uxCurrentNumberOfTasks                   0x2000013c   Data           4  tasks.o(.data)
    xTickCount                               0x20000140   Data           4  tasks.o(.data)
    uxTopReadyPriority                       0x20000144   Data           4  tasks.o(.data)
    xSchedulerRunning                        0x20000148   Data           4  tasks.o(.data)
    uxPendedTicks                            0x2000014c   Data           4  tasks.o(.data)
    xYieldPending                            0x20000150   Data           4  tasks.o(.data)
    xNumOfOverflows                          0x20000154   Data           4  tasks.o(.data)
    uxTaskNumber                             0x20000158   Data           4  tasks.o(.data)
    xNextTaskUnblockTime                     0x2000015c   Data           4  tasks.o(.data)
    xIdleTaskHandle                          0x20000160   Data           4  tasks.o(.data)
    uxSchedulerSuspended                     0x20000164   Data           4  tasks.o(.data)
    .data                                    0x20000168   Section       24  heap_4.o(.data)
    xStart                                   0x20000168   Data           8  heap_4.o(.data)
    pxEnd                                    0x20000170   Data           4  heap_4.o(.data)
    xFreeBytesRemaining                      0x20000174   Data           4  heap_4.o(.data)
    xMinimumEverFreeBytesRemaining           0x20000178   Data           4  heap_4.o(.data)
    xBlockAllocatedBit                       0x2000017c   Data           4  heap_4.o(.data)
    .data                                    0x20000180   Section       12  port_1.o(.data)
    uxCriticalNesting                        0x20000180   Data           4  port_1.o(.data)
    ucMaxSysCallPriority                     0x20000184   Data           1  port_1.o(.data)
    ulMaxPRIGROUPValue                       0x20000188   Data           4  port_1.o(.data)
    .bss                                     0x2000018c   Section       92  can.o(.bss)
    .bss                                     0x200001e8   Section      596  freertos.o(.bss)
    xIdleTaskTCBBuffer                       0x200001e8   Data          84  freertos.o(.bss)
    xIdleStack                               0x2000023c   Data         512  freertos.o(.bss)
    .bss                                     0x2000043c   Section       84  i2c.o(.bss)
    .bss                                     0x20000490   Section       88  spi.o(.bss)
    .bss                                     0x200004e8   Section      128  tim.o(.bss)
    .bss                                     0x20000568   Section      384  usart.o(.bss)
    .bss                                     0x200006e8   Section       32  mbfuncother.o(.bss)
    ucMBSlaveID                              0x200006e8   Data          32  mbfuncother.o(.bss)
    .bss                                     0x20000708   Section      256  mbrtu.o(.bss)
    .bss                                     0x20000808   Section      260  port.o(.bss)
    usRegHoldingBuf                          0x20000808   Data         260  port.o(.bss)
    .bss                                     0x2000090c   Section      240  tasks.o(.bss)
    pxReadyTasksLists                        0x2000090c   Data         140  tasks.o(.bss)
    xDelayedTaskList1                        0x20000998   Data          20  tasks.o(.bss)
    xDelayedTaskList2                        0x200009ac   Data          20  tasks.o(.bss)
    xPendingReadyList                        0x200009c0   Data          20  tasks.o(.bss)
    xTasksWaitingTermination                 0x200009d4   Data          20  tasks.o(.bss)
    xSuspendedTaskList                       0x200009e8   Data          20  tasks.o(.bss)
    .bss                                     0x200009fc   Section     3072  heap_4.o(.bss)
    ucHeap                                   0x200009fc   Data        3072  heap_4.o(.bss)
    .bss                                     0x200015fc   Section       96  libspace.o(.bss)
    HEAP                                     0x20001660   Section      512  startup_stm32f103xb.o(HEAP)
    Heap_Mem                                 0x20001660   Data         512  startup_stm32f103xb.o(HEAP)
    STACK                                    0x20001860   Section     1024  startup_stm32f103xb.o(STACK)
    Stack_Mem                                0x20001860   Data        1024  startup_stm32f103xb.o(STACK)
    __initial_sp                             0x20001c60   Data           0  startup_stm32f103xb.o(STACK)

    Global Symbols

    Symbol Name                              Value     Ov Type        Size  Object(Section)

    BuildAttributes$$THM_ISAv4$P$D$K$B$S$PE$A:L22UL41UL21$X:L11$S22US41US21$IEEE1$IW$USESV6$~STKCKD$USESV7$~SHL$OSPACE$ROPI$EBA8$UX$STANDARDLIB$REQ8$PRES8$EABIv2 0x00000000   Number         0  anon$$obj.o ABSOLUTE
    __ARM_use_no_argv                        0x00000000   Number         0  main.o ABSOLUTE
    __ARM_exceptions_init                     - Undefined Weak Reference
    __alloca_initialize                       - Undefined Weak Reference
    __arm_preinit_                            - Undefined Weak Reference
    __cpp_initialize__aeabi_                  - Undefined Weak Reference
    __cxa_finalize                            - Undefined Weak Reference
    __rt_locale                               - Undefined Weak Reference
    __sigvec_lookup                           - Undefined Weak Reference
    _atexit_init                              - Undefined Weak Reference
    _call_atexit_fns                          - Undefined Weak Reference
    _clock_init                               - Undefined Weak Reference
    _fp_trap_init                             - Undefined Weak Reference
    _fp_trap_shutdown                         - Undefined Weak Reference
    _get_lc_collate                           - Undefined Weak Reference
    _get_lc_ctype                             - Undefined Weak Reference
    _get_lc_monetary                          - Undefined Weak Reference
    _get_lc_numeric                           - Undefined Weak Reference
    _get_lc_time                              - Undefined Weak Reference
    _getenv_init                              - Undefined Weak Reference
    _handle_redirection                       - Undefined Weak Reference
    _init_alloc                               - Undefined Weak Reference
    _init_user_alloc                          - Undefined Weak Reference
    _initio                                   - Undefined Weak Reference
    _rand_init                                - Undefined Weak Reference
    _signal_finish                            - Undefined Weak Reference
    _signal_init                              - Undefined Weak Reference
    _terminate_alloc                          - Undefined Weak Reference
    _terminate_user_alloc                     - Undefined Weak Reference
    _terminateio                              - Undefined Weak Reference
    __Vectors_Size                           0x000000ec   Number         0  startup_stm32f103xb.o ABSOLUTE
    __Vectors                                0x08000000   Data           4  startup_stm32f103xb.o(RESET)
    __Vectors_End                            0x080000ec   Data           0  startup_stm32f103xb.o(RESET)
    __main                                   0x080000ed   Thumb Code     8  __main.o(!!!main)
    __scatterload                            0x080000f5   Thumb Code     0  __scatter.o(!!!scatter)
    __scatterload_rt2                        0x080000f5   Thumb Code    44  __scatter.o(!!!scatter)
    __scatterload_rt2_thumb_only             0x080000f5   Thumb Code     0  __scatter.o(!!!scatter)
    __scatterload_null                       0x08000103   Thumb Code     0  __scatter.o(!!!scatter)
    __decompress                             0x08000129   Thumb Code    90  __dczerorl2.o(!!dczerorl2)
    __decompress1                            0x08000129   Thumb Code     0  __dczerorl2.o(!!dczerorl2)
    __scatterload_zeroinit                   0x08000185   Thumb Code    28  __scatter_zi.o(!!handler_zi)
    __rt_lib_init                            0x080001a1   Thumb Code     0  libinit.o(.ARM.Collect$$libinit$$00000000)
    __rt_lib_init_alloca_1                   0x080001a3   Thumb Code     0  libinit2.o(.ARM.Collect$$libinit$$0000002E)
    __rt_lib_init_argv_1                     0x080001a3   Thumb Code     0  libinit2.o(.ARM.Collect$$libinit$$0000002C)
    __rt_lib_init_atexit_1                   0x080001a3   Thumb Code     0  libinit2.o(.ARM.Collect$$libinit$$0000001B)
    __rt_lib_init_clock_1                    0x080001a3   Thumb Code     0  libinit2.o(.ARM.Collect$$libinit$$00000021)
    __rt_lib_init_cpp_1                      0x080001a3   Thumb Code     0  libinit2.o(.ARM.Collect$$libinit$$00000032)
    __rt_lib_init_exceptions_1               0x080001a3   Thumb Code     0  libinit2.o(.ARM.Collect$$libinit$$00000030)
    __rt_lib_init_fp_1                       0x080001a3   Thumb Code     0  libinit2.o(.ARM.Collect$$libinit$$00000002)
    __rt_lib_init_fp_trap_1                  0x080001a3   Thumb Code     0  libinit2.o(.ARM.Collect$$libinit$$0000001F)
    __rt_lib_init_getenv_1                   0x080001a3   Thumb Code     0  libinit2.o(.ARM.Collect$$libinit$$00000023)
    __rt_lib_init_heap_1                     0x080001a3   Thumb Code     0  libinit2.o(.ARM.Collect$$libinit$$0000000A)
    __rt_lib_init_lc_collate_1               0x080001a3   Thumb Code     0  libinit2.o(.ARM.Collect$$libinit$$00000011)
    __rt_lib_init_lc_ctype_1                 0x080001a3   Thumb Code     0  libinit2.o(.ARM.Collect$$libinit$$00000013)
    __rt_lib_init_lc_monetary_1              0x080001a3   Thumb Code     0  libinit2.o(.ARM.Collect$$libinit$$00000015)
    __rt_lib_init_lc_numeric_1               0x080001a3   Thumb Code     0  libinit2.o(.ARM.Collect$$libinit$$00000017)
    __rt_lib_init_lc_time_1                  0x080001a3   Thumb Code     0  libinit2.o(.ARM.Collect$$libinit$$00000019)
    __rt_lib_init_preinit_1                  0x080001a3   Thumb Code     0  libinit2.o(.ARM.Collect$$libinit$$00000004)
    __rt_lib_init_rand_1                     0x080001a3   Thumb Code     0  libinit2.o(.ARM.Collect$$libinit$$0000000E)
    __rt_lib_init_return                     0x080001a3   Thumb Code     0  libinit2.o(.ARM.Collect$$libinit$$00000033)
    __rt_lib_init_signal_1                   0x080001a3   Thumb Code     0  libinit2.o(.ARM.Collect$$libinit$$0000001D)
    __rt_lib_init_stdio_1                    0x080001a3   Thumb Code     0  libinit2.o(.ARM.Collect$$libinit$$00000025)
    __rt_lib_init_user_alloc_1               0x080001a3   Thumb Code     0  libinit2.o(.ARM.Collect$$libinit$$0000000C)
    __rt_lib_shutdown                        0x080001a5   Thumb Code     0  libshutdown.o(.ARM.Collect$$libshutdown$$00000000)
    __rt_lib_shutdown_cpp_1                  0x080001a7   Thumb Code     0  libshutdown2.o(.ARM.Collect$$libshutdown$$00000002)
    __rt_lib_shutdown_fp_trap_1              0x080001a7   Thumb Code     0  libshutdown2.o(.ARM.Collect$$libshutdown$$00000007)
    __rt_lib_shutdown_heap_1                 0x080001a7   Thumb Code     0  libshutdown2.o(.ARM.Collect$$libshutdown$$0000000F)
    __rt_lib_shutdown_return                 0x080001a7   Thumb Code     0  libshutdown2.o(.ARM.Collect$$libshutdown$$00000010)
    __rt_lib_shutdown_signal_1               0x080001a7   Thumb Code     0  libshutdown2.o(.ARM.Collect$$libshutdown$$0000000A)
    __rt_lib_shutdown_stdio_1                0x080001a7   Thumb Code     0  libshutdown2.o(.ARM.Collect$$libshutdown$$00000004)
    __rt_lib_shutdown_user_alloc_1           0x080001a7   Thumb Code     0  libshutdown2.o(.ARM.Collect$$libshutdown$$0000000C)
    __rt_entry                               0x080001a9   Thumb Code     0  __rtentry.o(.ARM.Collect$$rtentry$$00000000)
    __rt_entry_presh_1                       0x080001a9   Thumb Code     0  __rtentry2.o(.ARM.Collect$$rtentry$$00000002)
    __rt_entry_sh                            0x080001a9   Thumb Code     0  __rtentry4.o(.ARM.Collect$$rtentry$$00000004)
    __rt_entry_li                            0x080001af   Thumb Code     0  __rtentry2.o(.ARM.Collect$$rtentry$$0000000A)
    __rt_entry_postsh_1                      0x080001af   Thumb Code     0  __rtentry2.o(.ARM.Collect$$rtentry$$00000009)
    __rt_entry_main                          0x080001b3   Thumb Code     0  __rtentry2.o(.ARM.Collect$$rtentry$$0000000D)
    __rt_entry_postli_1                      0x080001b3   Thumb Code     0  __rtentry2.o(.ARM.Collect$$rtentry$$0000000C)
    __rt_exit                                0x080001bb   Thumb Code     0  rtexit.o(.ARM.Collect$$rtexit$$00000000)
    __rt_exit_ls                             0x080001bd   Thumb Code     0  rtexit2.o(.ARM.Collect$$rtexit$$00000003)
    __rt_exit_prels_1                        0x080001bd   Thumb Code     0  rtexit2.o(.ARM.Collect$$rtexit$$00000002)
    __rt_exit_exit                           0x080001c1   Thumb Code     0  rtexit2.o(.ARM.Collect$$rtexit$$00000004)
    SVC_Handler                              0x080001c9   Thumb Code    32  port_1.o(.emb_text)
    __asm___6_port_c_39a90d8d__prvStartFirstTask 0x080001ed   Thumb Code    28  port_1.o(.emb_text)
    PendSV_Handler                           0x0800020d   Thumb Code    72  port_1.o(.emb_text)
    vPortGetIPSR                             0x08000259   Thumb Code     6  port_1.o(.emb_text)
    Reset_Handler                            0x08000261   Thumb Code     8  startup_stm32f103xb.o(.text)
    ADC1_2_IRQHandler                        0x0800027b   Thumb Code     0  startup_stm32f103xb.o(.text)
    CAN1_RX1_IRQHandler                      0x0800027b   Thumb Code     0  startup_stm32f103xb.o(.text)
    CAN1_SCE_IRQHandler                      0x0800027b   Thumb Code     0  startup_stm32f103xb.o(.text)
    DMA1_Channel1_IRQHandler                 0x0800027b   Thumb Code     0  startup_stm32f103xb.o(.text)
    DMA1_Channel2_IRQHandler                 0x0800027b   Thumb Code     0  startup_stm32f103xb.o(.text)
    DMA1_Channel3_IRQHandler                 0x0800027b   Thumb Code     0  startup_stm32f103xb.o(.text)
    DMA1_Channel4_IRQHandler                 0x0800027b   Thumb Code     0  startup_stm32f103xb.o(.text)
    DMA1_Channel5_IRQHandler                 0x0800027b   Thumb Code     0  startup_stm32f103xb.o(.text)
    DMA1_Channel6_IRQHandler                 0x0800027b   Thumb Code     0  startup_stm32f103xb.o(.text)
    DMA1_Channel7_IRQHandler                 0x0800027b   Thumb Code     0  startup_stm32f103xb.o(.text)
    EXTI0_IRQHandler                         0x0800027b   Thumb Code     0  startup_stm32f103xb.o(.text)
    EXTI15_10_IRQHandler                     0x0800027b   Thumb Code     0  startup_stm32f103xb.o(.text)
    EXTI1_IRQHandler                         0x0800027b   Thumb Code     0  startup_stm32f103xb.o(.text)
    EXTI2_IRQHandler                         0x0800027b   Thumb Code     0  startup_stm32f103xb.o(.text)
    EXTI3_IRQHandler                         0x0800027b   Thumb Code     0  startup_stm32f103xb.o(.text)
    EXTI4_IRQHandler                         0x0800027b   Thumb Code     0  startup_stm32f103xb.o(.text)
    EXTI9_5_IRQHandler                       0x0800027b   Thumb Code     0  startup_stm32f103xb.o(.text)
    FLASH_IRQHandler                         0x0800027b   Thumb Code     0  startup_stm32f103xb.o(.text)
    I2C1_ER_IRQHandler                       0x0800027b   Thumb Code     0  startup_stm32f103xb.o(.text)
    I2C1_EV_IRQHandler                       0x0800027b   Thumb Code     0  startup_stm32f103xb.o(.text)
    I2C2_ER_IRQHandler                       0x0800027b   Thumb Code     0  startup_stm32f103xb.o(.text)
    I2C2_EV_IRQHandler                       0x0800027b   Thumb Code     0  startup_stm32f103xb.o(.text)
    PVD_IRQHandler                           0x0800027b   Thumb Code     0  startup_stm32f103xb.o(.text)
    RCC_IRQHandler                           0x0800027b   Thumb Code     0  startup_stm32f103xb.o(.text)
    RTC_Alarm_IRQHandler                     0x0800027b   Thumb Code     0  startup_stm32f103xb.o(.text)
    RTC_IRQHandler                           0x0800027b   Thumb Code     0  startup_stm32f103xb.o(.text)
    SPI1_IRQHandler                          0x0800027b   Thumb Code     0  startup_stm32f103xb.o(.text)
    SPI2_IRQHandler                          0x0800027b   Thumb Code     0  startup_stm32f103xb.o(.text)
    TAMPER_IRQHandler                        0x0800027b   Thumb Code     0  startup_stm32f103xb.o(.text)
    TIM1_BRK_IRQHandler                      0x0800027b   Thumb Code     0  startup_stm32f103xb.o(.text)
    TIM1_CC_IRQHandler                       0x0800027b   Thumb Code     0  startup_stm32f103xb.o(.text)
    TIM1_TRG_COM_IRQHandler                  0x0800027b   Thumb Code     0  startup_stm32f103xb.o(.text)
    TIM1_UP_IRQHandler                       0x0800027b   Thumb Code     0  startup_stm32f103xb.o(.text)
    TIM4_IRQHandler                          0x0800027b   Thumb Code     0  startup_stm32f103xb.o(.text)
    USART2_IRQHandler                        0x0800027b   Thumb Code     0  startup_stm32f103xb.o(.text)
    USBWakeUp_IRQHandler                     0x0800027b   Thumb Code     0  startup_stm32f103xb.o(.text)
    USB_HP_CAN1_TX_IRQHandler                0x0800027b   Thumb Code     0  startup_stm32f103xb.o(.text)
    WWDG_IRQHandler                          0x0800027b   Thumb Code     0  startup_stm32f103xb.o(.text)
    __user_initial_stackheap                 0x0800027d   Thumb Code     0  startup_stm32f103xb.o(.text)
    __aeabi_assert                           0x080002a1   Thumb Code    86  assert.o(.text)
    __assert                                 0x080002a1   Thumb Code     0  assert.o(.text)
    __aeabi_memcpy                           0x08000321   Thumb Code     0  rt_memcpy_v6.o(.text)
    __rt_memcpy                              0x08000321   Thumb Code   138  rt_memcpy_v6.o(.text)
    _memcpy_lastbytes                        0x08000387   Thumb Code     0  rt_memcpy_v6.o(.text)
    __aeabi_memcpy4                          0x080003ab   Thumb Code     0  rt_memcpy_w.o(.text)
    __aeabi_memcpy8                          0x080003ab   Thumb Code     0  rt_memcpy_w.o(.text)
    __rt_memcpy_w                            0x080003ab   Thumb Code   100  rt_memcpy_w.o(.text)
    _memcpy_lastbytes_aligned                0x080003f3   Thumb Code     0  rt_memcpy_w.o(.text)
    __aeabi_memclr4                          0x0800040f   Thumb Code     0  rt_memclr_w.o(.text)
    __aeabi_memclr8                          0x0800040f   Thumb Code     0  rt_memclr_w.o(.text)
    __rt_memclr_w                            0x0800040f   Thumb Code    78  rt_memclr_w.o(.text)
    _memset_w                                0x08000413   Thumb Code     0  rt_memclr_w.o(.text)
    __use_two_region_memory                  0x0800045d   Thumb Code     2  heapauxi.o(.text)
    __rt_heap_escrow$2region                 0x0800045f   Thumb Code     2  heapauxi.o(.text)
    __rt_heap_expand$2region                 0x08000461   Thumb Code     2  heapauxi.o(.text)
    abort                                    0x08000463   Thumb Code    22  abort.o(.text)
    __assert_puts                            0x08000479   Thumb Code    20  assert_puts.o(.text)
    _ttywrch                                 0x0800048d   Thumb Code    14  sys_wrch.o(.text)
    _sys_exit                                0x0800049d   Thumb Code     8  sys_exit.o(.text)
    __rt_SIGABRT                             0x080004a9   Thumb Code    14  defsig_abrt_outer.o(.text)
    __I$use$semihosting                      0x080004b7   Thumb Code     0  use_no_semi.o(.text)
    __use_no_semihosting_swi                 0x080004b7   Thumb Code     2  use_no_semi.o(.text)
    __semihosting_library_function           0x080004b9   Thumb Code     0  indicate_semi.o(.text)
    __user_setup_stackheap                   0x080004b9   Thumb Code    74  sys_stackheap_outer.o(.text)
    exit                                     0x08000503   Thumb Code    18  exit.o(.text)
    __sig_exit                               0x08000515   Thumb Code    10  defsig_exit.o(.text)
    __rt_SIGABRT_inner                       0x08000521   Thumb Code    14  defsig_abrt_inner.o(.text)
    __user_libspace                          0x08000551   Thumb Code     8  libspace.o(.text)
    __user_perproc_libspace                  0x08000551   Thumb Code     0  libspace.o(.text)
    __user_perthread_libspace                0x08000551   Thumb Code     0  libspace.o(.text)
    __default_signal_display                 0x08000559   Thumb Code    50  defsig_general.o(.text)
    BusFault_Handler                         0x0800058b   Thumb Code     4  stm32f1xx_it.o(i.BusFault_Handler)
    Can_Filter_Config                        0x08000591   Thumb Code    52  can.o(i.Can_Filter_Config)
    Can_Start                                0x080005c9   Thumb Code    68  can.o(i.Can_Start)
    Can_TxMsg                                0x08000619   Thumb Code    34  can.o(i.Can_TxMsg)
    DebugMon_Handler                         0x0800064d   Thumb Code     2  stm32f1xx_it.o(i.DebugMon_Handler)
    Error_Handler                            0x0800064f   Thumb Code     2  main.o(i.Error_Handler)
    HAL_CAN_ActivateNotification             0x08000651   Thumb Code    42  stm32f1xx_hal_can.o(i.HAL_CAN_ActivateNotification)
    HAL_CAN_AddTxMessage                     0x0800067b   Thumb Code   342  stm32f1xx_hal_can.o(i.HAL_CAN_AddTxMessage)
    HAL_CAN_ConfigFilter                     0x080007d1   Thumb Code   266  stm32f1xx_hal_can.o(i.HAL_CAN_ConfigFilter)
    HAL_CAN_ErrorCallback                    0x080008db   Thumb Code     2  stm32f1xx_hal_can.o(i.HAL_CAN_ErrorCallback)
    HAL_CAN_GetRxMessage                     0x080008dd   Thumb Code   378  stm32f1xx_hal_can.o(i.HAL_CAN_GetRxMessage)
    HAL_CAN_IRQHandler                       0x08000a57   Thumb Code   590  stm32f1xx_hal_can.o(i.HAL_CAN_IRQHandler)
    HAL_CAN_Init                             0x08000ca5   Thumb Code   372  stm32f1xx_hal_can.o(i.HAL_CAN_Init)
    HAL_CAN_MspInit                          0x08000e19   Thumb Code   138  can.o(i.HAL_CAN_MspInit)
    HAL_CAN_RxFifo0FullCallback              0x08000eb1   Thumb Code     2  stm32f1xx_hal_can.o(i.HAL_CAN_RxFifo0FullCallback)
    HAL_CAN_RxFifo0MsgPendingCallback        0x08000eb5   Thumb Code    80  can.o(i.HAL_CAN_RxFifo0MsgPendingCallback)
    HAL_CAN_RxFifo1FullCallback              0x08000f15   Thumb Code     2  stm32f1xx_hal_can.o(i.HAL_CAN_RxFifo1FullCallback)
    HAL_CAN_RxFifo1MsgPendingCallback        0x08000f17   Thumb Code     2  stm32f1xx_hal_can.o(i.HAL_CAN_RxFifo1MsgPendingCallback)
    HAL_CAN_SleepCallback                    0x08000f19   Thumb Code     2  stm32f1xx_hal_can.o(i.HAL_CAN_SleepCallback)
    HAL_CAN_Start                            0x08000f1b   Thumb Code    94  stm32f1xx_hal_can.o(i.HAL_CAN_Start)
    HAL_CAN_TxMailbox0AbortCallback          0x08000f79   Thumb Code     2  stm32f1xx_hal_can.o(i.HAL_CAN_TxMailbox0AbortCallback)
    HAL_CAN_TxMailbox0CompleteCallback       0x08000f7b   Thumb Code     2  stm32f1xx_hal_can.o(i.HAL_CAN_TxMailbox0CompleteCallback)
    HAL_CAN_TxMailbox1AbortCallback          0x08000f7d   Thumb Code     2  stm32f1xx_hal_can.o(i.HAL_CAN_TxMailbox1AbortCallback)
    HAL_CAN_TxMailbox1CompleteCallback       0x08000f7f   Thumb Code     2  stm32f1xx_hal_can.o(i.HAL_CAN_TxMailbox1CompleteCallback)
    HAL_CAN_TxMailbox2AbortCallback          0x08000f81   Thumb Code     2  stm32f1xx_hal_can.o(i.HAL_CAN_TxMailbox2AbortCallback)
    HAL_CAN_TxMailbox2CompleteCallback       0x08000f83   Thumb Code     2  stm32f1xx_hal_can.o(i.HAL_CAN_TxMailbox2CompleteCallback)
    HAL_CAN_WakeUpFromRxMsgCallback          0x08000f85   Thumb Code     2  stm32f1xx_hal_can.o(i.HAL_CAN_WakeUpFromRxMsgCallback)
    HAL_DMA_Abort_IT                         0x08000f89   Thumb Code   172  stm32f1xx_hal_dma.o(i.HAL_DMA_Abort_IT)
    HAL_Delay                                0x08001039   Thumb Code    36  stm32f1xx_hal.o(i.HAL_Delay)
    HAL_GPIO_Init                            0x08001061   Thumb Code   766  stm32f1xx_hal_gpio.o(i.HAL_GPIO_Init)
    HAL_GPIO_WritePin                        0x08001381   Thumb Code    12  stm32f1xx_hal_gpio.o(i.HAL_GPIO_WritePin)
    HAL_GetTick                              0x0800138d   Thumb Code     6  stm32f1xx_hal.o(i.HAL_GetTick)
    HAL_I2C_Init                             0x08001399   Thumb Code   422  stm32f1xx_hal_i2c.o(i.HAL_I2C_Init)
    HAL_I2C_MspInit                          0x08001551   Thumb Code   104  i2c.o(i.HAL_I2C_MspInit)
    HAL_IncTick                              0x080015c5   Thumb Code    16  stm32f1xx_hal.o(i.HAL_IncTick)
    HAL_Init                                 0x080015dd   Thumb Code    34  stm32f1xx_hal.o(i.HAL_Init)
    HAL_InitTick                             0x08001605   Thumb Code    64  stm32f1xx_hal.o(i.HAL_InitTick)
    HAL_MspInit                              0x08001651   Thumb Code    86  stm32f1xx_hal_msp.o(i.HAL_MspInit)
    HAL_NVIC_EnableIRQ                       0x080016b1   Thumb Code    32  stm32f1xx_hal_cortex.o(i.HAL_NVIC_EnableIRQ)
    HAL_NVIC_SetPriority                     0x080016d1   Thumb Code   124  stm32f1xx_hal_cortex.o(i.HAL_NVIC_SetPriority)
    HAL_NVIC_SetPriorityGrouping             0x0800174d   Thumb Code    32  stm32f1xx_hal_cortex.o(i.HAL_NVIC_SetPriorityGrouping)
    HAL_RCC_ClockConfig                      0x08001775   Thumb Code   376  stm32f1xx_hal_rcc.o(i.HAL_RCC_ClockConfig)
    HAL_RCC_GetHCLKFreq                      0x08001901   Thumb Code     6  stm32f1xx_hal_rcc.o(i.HAL_RCC_GetHCLKFreq)
    HAL_RCC_GetPCLK1Freq                     0x0800190d   Thumb Code    22  stm32f1xx_hal_rcc.o(i.HAL_RCC_GetPCLK1Freq)
    HAL_RCC_GetPCLK2Freq                     0x0800192d   Thumb Code    22  stm32f1xx_hal_rcc.o(i.HAL_RCC_GetPCLK2Freq)
    HAL_RCC_GetSysClockFreq                  0x0800194d   Thumb Code   116  stm32f1xx_hal_rcc.o(i.HAL_RCC_GetSysClockFreq)
    HAL_RCC_OscConfig                        0x080019e1   Thumb Code  1114  stm32f1xx_hal_rcc.o(i.HAL_RCC_OscConfig)
    HAL_SPI_Init                             0x08001e45   Thumb Code   136  stm32f1xx_hal_spi.o(i.HAL_SPI_Init)
    HAL_SPI_MspInit                          0x08001ecd   Thumb Code   120  spi.o(i.HAL_SPI_MspInit)
    HAL_SYSTICK_Config                       0x08001f51   Thumb Code    52  stm32f1xx_hal_cortex.o(i.HAL_SYSTICK_Config)
    HAL_TIMEx_BreakCallback                  0x08001f85   Thumb Code     2  stm32f1xx_hal_tim_ex.o(i.HAL_TIMEx_BreakCallback)
    HAL_TIMEx_CommutCallback                 0x08001f87   Thumb Code     2  stm32f1xx_hal_tim_ex.o(i.HAL_TIMEx_CommutCallback)
    HAL_TIMEx_MasterConfigSynchronization    0x08001f89   Thumb Code    84  stm32f1xx_hal_tim_ex.o(i.HAL_TIMEx_MasterConfigSynchronization)
    HAL_TIM_Base_Init                        0x08001fdd   Thumb Code    52  stm32f1xx_hal_tim.o(i.HAL_TIM_Base_Init)
    HAL_TIM_Base_MspInit                     0x08002011   Thumb Code   112  tim.o(i.HAL_TIM_Base_MspInit)
    HAL_TIM_Base_Start_IT                    0x08002089   Thumb Code    42  stm32f1xx_hal_tim.o(i.HAL_TIM_Base_Start_IT)
    HAL_TIM_Base_Stop_IT                     0x080020b3   Thumb Code    56  stm32f1xx_hal_tim.o(i.HAL_TIM_Base_Stop_IT)
    HAL_TIM_ConfigClockSource                0x080020eb   Thumb Code   264  stm32f1xx_hal_tim.o(i.HAL_TIM_ConfigClockSource)
    HAL_TIM_IC_CaptureCallback               0x080021f3   Thumb Code     2  stm32f1xx_hal_tim.o(i.HAL_TIM_IC_CaptureCallback)
    HAL_TIM_IRQHandler                       0x080021f5   Thumb Code   406  stm32f1xx_hal_tim.o(i.HAL_TIM_IRQHandler)
    HAL_TIM_OC_DelayElapsedCallback          0x0800238b   Thumb Code     2  stm32f1xx_hal_tim.o(i.HAL_TIM_OC_DelayElapsedCallback)
    HAL_TIM_PWM_PulseFinishedCallback        0x0800238d   Thumb Code     2  stm32f1xx_hal_tim.o(i.HAL_TIM_PWM_PulseFinishedCallback)
    HAL_TIM_PeriodElapsedCallback            0x08002391   Thumb Code    46  tim.o(i.HAL_TIM_PeriodElapsedCallback)
    HAL_TIM_TriggerCallback                  0x080023d1   Thumb Code     2  stm32f1xx_hal_tim.o(i.HAL_TIM_TriggerCallback)
    HAL_UART_AbortReceiveCpltCallback        0x080023d3   Thumb Code     2  stm32f1xx_hal_uart.o(i.HAL_UART_AbortReceiveCpltCallback)
    HAL_UART_AbortReceive_IT                 0x080023d5   Thumb Code   114  stm32f1xx_hal_uart.o(i.HAL_UART_AbortReceive_IT)
    HAL_UART_ErrorCallback                   0x0800244d   Thumb Code     2  stm32f1xx_hal_uart.o(i.HAL_UART_ErrorCallback)
    HAL_UART_IRQHandler                      0x08002451   Thumb Code   326  stm32f1xx_hal_uart.o(i.HAL_UART_IRQHandler)
    HAL_UART_Init                            0x0800259d   Thumb Code   114  stm32f1xx_hal_uart.o(i.HAL_UART_Init)
    HAL_UART_MspInit                         0x08002611   Thumb Code   258  usart.o(i.HAL_UART_MspInit)
    HAL_UART_Receive                         0x08002729   Thumb Code   222  stm32f1xx_hal_uart.o(i.HAL_UART_Receive)
    HAL_UART_Receive_IT                      0x08002807   Thumb Code   112  stm32f1xx_hal_uart.o(i.HAL_UART_Receive_IT)
    HAL_UART_RxCpltCallback                  0x08002879   Thumb Code    96  usart.o(i.HAL_UART_RxCpltCallback)
    HAL_UART_Transmit                        0x080028f5   Thumb Code   214  stm32f1xx_hal_uart.o(i.HAL_UART_Transmit)
    HAL_UART_TxCpltCallback                  0x080029cb   Thumb Code     2  stm32f1xx_hal_uart.o(i.HAL_UART_TxCpltCallback)
    HardFault_Handler                        0x080029cd   Thumb Code     4  stm32f1xx_it.o(i.HardFault_Handler)
    MX_CAN_Init                              0x080029d1   Thumb Code    66  can.o(i.MX_CAN_Init)
    MX_FREERTOS_Init                         0x08002a1d   Thumb Code   120  freertos.o(i.MX_FREERTOS_Init)
    MX_GPIO_Init                             0x08002aad   Thumb Code   194  gpio.o(i.MX_GPIO_Init)
    MX_I2C1_Init                             0x08002b7d   Thumb Code    48  i2c.o(i.MX_I2C1_Init)
    MX_SPI1_Init                             0x08002bb9   Thumb Code    60  spi.o(i.MX_SPI1_Init)
    MX_TIM2_Init                             0x08002bfd   Thumb Code   102  tim.o(i.MX_TIM2_Init)
    MX_TIM3_Init                             0x08002c69   Thumb Code   100  tim.o(i.MX_TIM3_Init)
    MX_USART1_UART_Init                      0x08002cd5   Thumb Code    46  usart.o(i.MX_USART1_UART_Init)
    MX_USART3_UART_Init                      0x08002d0d   Thumb Code    46  usart.o(i.MX_USART3_UART_Init)
    MemManage_Handler                        0x08002d45   Thumb Code     4  stm32f1xx_it.o(i.MemManage_Handler)
    NMI_Handler                              0x08002d49   Thumb Code     2  stm32f1xx_it.o(i.NMI_Handler)
    RS485_USARTx_Init                        0x08002d75   Thumb Code     2  portserial.o(i.RS485_USARTx_Init)
    StartCanTask                             0x08002d79   Thumb Code    26  freertos.o(i.StartCanTask)
    StartDefaultTask                         0x08002d99   Thumb Code    10  freertos.o(i.StartDefaultTask)
    StartModbusTask                          0x08002da3   Thumb Code    14  freertos.o(i.StartModbusTask)
    StartPrintTask                           0x08002db1   Thumb Code   110  freertos.o(i.StartPrintTask)
    SysTick_Handler                          0x08002e4d   Thumb Code    20  stm32f1xx_it.o(i.SysTick_Handler)
    SystemClock_Config                       0x08002e61   Thumb Code   102  main.o(i.SystemClock_Config)
    SystemInit                               0x08002ec9   Thumb Code    70  system_stm32f1xx.o(i.SystemInit)
    TIM2_IRQHandler                          0x08002f21   Thumb Code    10  stm32f1xx_it.o(i.TIM2_IRQHandler)
    TIM3_IRQHandler                          0x08002f31   Thumb Code    10  stm32f1xx_it.o(i.TIM3_IRQHandler)
    TIM_Base_SetConfig                       0x08002f41   Thumb Code   104  stm32f1xx_hal_tim.o(i.TIM_Base_SetConfig)
    TIM_ETR_SetConfig                        0x08002fb5   Thumb Code    22  stm32f1xx_hal_tim.o(i.TIM_ETR_SetConfig)
    USART1_IRQHandler                        0x080033b1   Thumb Code    10  stm32f1xx_it.o(i.USART1_IRQHandler)
    USART3_IRQHandler                        0x080033c1   Thumb Code    36  stm32f1xx_it.o(i.USART3_IRQHandler)
    USB_LP_CAN1_RX0_IRQHandler               0x080033e9   Thumb Code    10  stm32f1xx_it.o(i.USB_LP_CAN1_RX0_IRQHandler)
    UsageFault_Handler                       0x080033f9   Thumb Code     4  stm32f1xx_it.o(i.UsageFault_Handler)
    eMBASCIIInit                             0x08003441   Thumb Code    72  mbascii.o(i.eMBASCIIInit)
    eMBASCIIReceive                          0x0800348d   Thumb Code   100  mbascii.o(i.eMBASCIIReceive)
    eMBASCIISend                             0x08003541   Thumb Code   114  mbascii.o(i.eMBASCIISend)
    eMBASCIIStart                            0x080035c9   Thumb Code    34  mbascii.o(i.eMBASCIIStart)
    eMBASCIIStop                             0x080035f1   Thumb Code    28  mbascii.o(i.eMBASCIIStop)
    eMBEnable                                0x0800360d   Thumb Code    32  mb.o(i.eMBEnable)
    eMBFuncReadCoils                         0x08003635   Thumb Code   174  mbfunccoils.o(i.eMBFuncReadCoils)
    eMBFuncReadDiscreteInputs                0x080036e3   Thumb Code   172  mbfuncdisc.o(i.eMBFuncReadDiscreteInputs)
    eMBFuncReadHoldingRegister               0x0800378f   Thumb Code   140  mbfuncholding.o(i.eMBFuncReadHoldingRegister)
    eMBFuncReadInputRegister                 0x0800381b   Thumb Code   140  mbfuncinput.o(i.eMBFuncReadInputRegister)
    eMBFuncReadWriteMultipleHoldingRegister  0x080038a7   Thumb Code   212  mbfuncholding.o(i.eMBFuncReadWriteMultipleHoldingRegister)
    eMBFuncReportSlaveID                     0x0800397d   Thumb Code    30  mbfuncother.o(i.eMBFuncReportSlaveID)
    eMBFuncWriteCoil                         0x080039a5   Thumb Code   112  mbfunccoils.o(i.eMBFuncWriteCoil)
    eMBFuncWriteHoldingRegister              0x08003a15   Thumb Code    66  mbfuncholding.o(i.eMBFuncWriteHoldingRegister)
    eMBFuncWriteMultipleCoils                0x08003a57   Thumb Code   144  mbfunccoils.o(i.eMBFuncWriteMultipleCoils)
    eMBFuncWriteMultipleHoldingRegister      0x08003ae7   Thumb Code   110  mbfuncholding.o(i.eMBFuncWriteMultipleHoldingRegister)
    eMBInit                                  0x08003b55   Thumb Code   222  mb.o(i.eMBInit)
    eMBPoll                                  0x08003c99   Thumb Code   268  mb.o(i.eMBPoll)
    eMBRTUInit                               0x08003dd1   Thumb Code    88  mbrtu.o(i.eMBRTUInit)
    eMBRTUReceive                            0x08003e2d   Thumb Code   102  mbrtu.o(i.eMBRTUReceive)
    eMBRTUSend                               0x08003ee1   Thumb Code   128  mbrtu.o(i.eMBRTUSend)
    eMBRTUStart                              0x08003f75   Thumb Code    34  mbrtu.o(i.eMBRTUStart)
    eMBRTUStop                               0x08003f9d   Thumb Code    28  mbrtu.o(i.eMBRTUStop)
    eMBRegCoilsCB                            0x08003fb9   Thumb Code     8  port.o(i.eMBRegCoilsCB)
    eMBRegDiscreteCB                         0x08003fc1   Thumb Code     6  port.o(i.eMBRegDiscreteCB)
    eMBRegHoldingCB                          0x08003fc9   Thumb Code   118  port.o(i.eMBRegHoldingCB)
    eMBRegInputCB                            0x08004049   Thumb Code    84  port.o(i.eMBRegInputCB)
    main                                     0x080040b5   Thumb Code   146  main.o(i.main)
    osDelay                                  0x0800418b   Thumb Code    24  cmsis_os.o(i.osDelay)
    osKernelStart                            0x080041a3   Thumb Code    10  cmsis_os.o(i.osKernelStart)
    osSemaphoreCreate                        0x080041ad   Thumb Code    74  cmsis_os.o(i.osSemaphoreCreate)
    osSemaphoreRelease                       0x080041f9   Thumb Code    76  cmsis_os.o(i.osSemaphoreRelease)
    osSemaphoreWait                          0x08004249   Thumb Code   100  cmsis_os.o(i.osSemaphoreWait)
    osThreadCreate                           0x080042b1   Thumb Code    94  cmsis_os.o(i.osThreadCreate)
    prveMBError2Exception                    0x0800491f   Thumb Code    34  mbutils.o(i.prveMBError2Exception)
    prvvTIMERExpiredISR                      0x080049d9   Thumb Code    10  porttimer.o(i.prvvTIMERExpiredISR)
    prvvUARTRxISR                            0x080049e9   Thumb Code    10  portserial.o(i.prvvUARTRxISR)
    prvvUARTTxReadyISR                       0x080049f9   Thumb Code    10  portserial.o(i.prvvUARTTxReadyISR)
    pvPortMalloc                             0x08004a09   Thumb Code   296  heap_4.o(i.pvPortMalloc)
    pvTaskIncrementMutexHeldCount            0x08004b45   Thumb Code    26  tasks.o(i.pvTaskIncrementMutexHeldCount)
    pxPortInitialiseStack                    0x08004b65   Thumb Code    30  port_1.o(i.pxPortInitialiseStack)
    usMBCRC16                                0x08004b89   Thumb Code    48  mbcrc.o(i.usMBCRC16)
    uxListRemove                             0x08004bc1   Thumb Code    40  list.o(i.uxListRemove)
    vApplicationGetIdleTaskMemory            0x08004be9   Thumb Code    14  freertos.o(i.vApplicationGetIdleTaskMemory)
    vListInitialise                          0x08004c01   Thumb Code    26  list.o(i.vListInitialise)
    vListInitialiseItem                      0x08004c1b   Thumb Code     6  list.o(i.vListInitialiseItem)
    vListInsert                              0x08004c21   Thumb Code    52  list.o(i.vListInsert)
    vListInsertEnd                           0x08004c55   Thumb Code    24  list.o(i.vListInsertEnd)
    vMBPortSerialEnable                      0x08004c6d   Thumb Code    74  portserial.o(i.vMBPortSerialEnable)
    vMBPortTimersDisable                     0x08004cbd   Thumb Code    26  porttimer.o(i.vMBPortTimersDisable)
    vMBPortTimersEnable                      0x08004cdd   Thumb Code    28  porttimer.o(i.vMBPortTimersEnable)
    vPortEnterCritical                       0x08004cfd   Thumb Code    76  port_1.o(i.vPortEnterCritical)
    vPortExitCritical                        0x08004d51   Thumb Code    56  port_1.o(i.vPortExitCritical)
    vPortFree                                0x08004d8d   Thumb Code   140  heap_4.o(i.vPortFree)
    vPortSetupTimerInterrupt                 0x08004e21   Thumb Code    36  port_1.o(i.vPortSetupTimerInterrupt)
    vPortValidateInterruptPriority           0x08004e49   Thumb Code   106  port_1.o(i.vPortValidateInterruptPriority)
    vTaskDelay                               0x08004ec1   Thumb Code    82  tasks.o(i.vTaskDelay)
    vTaskInternalSetTimeOutState             0x08004f1d   Thumb Code    14  tasks.o(i.vTaskInternalSetTimeOutState)
    vTaskMissedYield                         0x08004f35   Thumb Code     8  tasks.o(i.vTaskMissedYield)
    vTaskPlaceOnEventList                    0x08004f41   Thumb Code    52  tasks.o(i.vTaskPlaceOnEventList)
    vTaskPriorityDisinheritAfterTimeout      0x08004f79   Thumb Code   230  tasks.o(i.vTaskPriorityDisinheritAfterTimeout)
    vTaskStartScheduler                      0x0800506d   Thumb Code   146  tasks.o(i.vTaskStartScheduler)
    vTaskSuspendAll                          0x0800511d   Thumb Code    12  tasks.o(i.vTaskSuspendAll)
    vTaskSwitchContext                       0x0800512d   Thumb Code   118  tasks.o(i.vTaskSwitchContext)
    xMBASCIIReceiveFSM                       0x080051b9   Thumb Code   296  mbascii.o(i.xMBASCIIReceiveFSM)
    xMBASCIITimerT1SExpired                  0x08005335   Thumb Code    68  mbascii.o(i.xMBASCIITimerT1SExpired)
    xMBASCIITransmitFSM                      0x080053a1   Thumb Code   240  mbascii.o(i.xMBASCIITransmitFSM)
    xMBPortEventGet                          0x080054e5   Thumb Code    26  portevent.o(i.xMBPortEventGet)
    xMBPortEventInit                         0x08005509   Thumb Code    10  portevent.o(i.xMBPortEventInit)
    xMBPortEventPost                         0x08005519   Thumb Code    16  portevent.o(i.xMBPortEventPost)
    xMBPortSerialGetByte                     0x08005531   Thumb Code    26  portserial.o(i.xMBPortSerialGetByte)
    xMBPortSerialInit                        0x08005551   Thumb Code    12  portserial.o(i.xMBPortSerialInit)
    xMBPortSerialPutByte                     0x0800555d   Thumb Code    24  portserial.o(i.xMBPortSerialPutByte)
    xMBPortTimersInit                        0x08005579   Thumb Code     6  porttimer.o(i.xMBPortTimersInit)
    xMBRTUReceiveFSM                         0x08005581   Thumb Code   140  mbrtu.o(i.xMBRTUReceiveFSM)
    xMBRTUTimerT35Expired                    0x08005655   Thumb Code    96  mbrtu.o(i.xMBRTUTimerT35Expired)
    xMBRTUTransmitFSM                        0x080056d9   Thumb Code   116  mbrtu.o(i.xMBRTUTransmitFSM)
    xPortStartScheduler                      0x08005795   Thumb Code   228  port_1.o(i.xPortStartScheduler)
    xPortSysTickHandler                      0x0800588d   Thumb Code    46  port_1.o(i.xPortSysTickHandler)
    xQueueGenericCreate                      0x080058c1   Thumb Code    94  queue.o(i.xQueueGenericCreate)
    xQueueGenericCreateStatic                0x0800591f   Thumb Code   222  queue.o(i.xQueueGenericCreateStatic)
    xQueueGenericReset                       0x080059fd   Thumb Code   146  queue.o(i.xQueueGenericReset)
    xQueueGenericSend                        0x08005a95   Thumb Code   420  queue.o(i.xQueueGenericSend)
    xQueueGiveFromISR                        0x08005c3d   Thumb Code   224  queue.o(i.xQueueGiveFromISR)
    xQueueReceiveFromISR                     0x08005d1d   Thumb Code   202  queue.o(i.xQueueReceiveFromISR)
    xQueueSemaphoreTake                      0x08005de9   Thumb Code   434  queue.o(i.xQueueSemaphoreTake)
    xTaskCheckForTimeOut                     0x08005fa1   Thumb Code   132  tasks.o(i.xTaskCheckForTimeOut)
    xTaskCreate                              0x0800602d   Thumb Code   100  tasks.o(i.xTaskCreate)
    xTaskCreateStatic                        0x08006091   Thumb Code   184  tasks.o(i.xTaskCreateStatic)
    xTaskGetSchedulerState                   0x08006149   Thumb Code    24  tasks.o(i.xTaskGetSchedulerState)
    xTaskIncrementTick                       0x08006169   Thumb Code   282  tasks.o(i.xTaskIncrementTick)
    xTaskPriorityDisinherit                  0x080062b1   Thumb Code   188  tasks.o(i.xTaskPriorityDisinherit)
    xTaskPriorityInherit                     0x08006379   Thumb Code   186  tasks.o(i.xTaskPriorityInherit)
    xTaskRemoveFromEventList                 0x08006441   Thumb Code   128  tasks.o(i.xTaskRemoveFromEventList)
    xTaskResumeAll                           0x080064d9   Thumb Code   224  tasks.o(i.xTaskResumeAll)
    AHBPrescTable                            0x0800664c   Data          16  system_stm32f1xx.o(.constdata)
    APBPrescTable                            0x0800665c   Data           8  system_stm32f1xx.o(.constdata)
    Region$$Table$$Base                      0x08006938   Number         0  anon$$obj.o(Region$$Table)
    Region$$Table$$Limit                     0x08006958   Number         0  anon$$obj.o(Region$$Table)
    TxData                                   0x20000000   Data           8  can.o(.data)
    RxData                                   0x20000008   Data           8  can.o(.data)
    TxMailbox                                0x20000010   Data           4  can.o(.data)
    defaultTaskHandle                        0x20000014   Data           4  freertos.o(.data)
    modbusTaskHandle                         0x20000018   Data           4  freertos.o(.data)
    printTaskHandle                          0x2000001c   Data           4  freertos.o(.data)
    canTaskHandle                            0x20000020   Data           4  freertos.o(.data)
    canSemHandle                             0x20000024   Data           4  freertos.o(.data)
    RxBuf                                    0x20000028   Data           1  usart.o(.data)
    U16_RecvLength                           0x2000002a   Data           2  usart.o(.data)
    Bool_RecvComplete                        0x2000002c   Data           1  usart.o(.data)
    uwTick                                   0x20000030   Data           4  stm32f1xx_hal.o(.data)
    uwTickPrio                               0x20000034   Data           4  stm32f1xx_hal.o(.data)
    uwTickFreq                               0x20000038   Data           1  stm32f1xx_hal.o(.data)
    SystemCoreClock                          0x2000003c   Data           4  system_stm32f1xx.o(.data)
    pxMBFrameCBByteReceived                  0x20000058   Data           4  mb.o(.data)
    pxMBFrameCBTransmitterEmpty              0x2000005c   Data           4  mb.o(.data)
    pxMBPortCBTimerExpired                   0x20000060   Data           4  mb.o(.data)
    pxMBFrameCBReceiveFSMCur                 0x20000064   Data           4  mb.o(.data)
    pxMBFrameCBTransmitFSMCur                0x20000068   Data           4  mb.o(.data)
    pxCurrentTCB                             0x2000012c   Data           4  tasks.o(.data)
    TxHeader                                 0x2000018c   Data          24  can.o(.bss)
    RxHeader                                 0x200001a4   Data          28  can.o(.bss)
    hcan                                     0x200001c0   Data          40  can.o(.bss)
    hi2c1                                    0x2000043c   Data          84  i2c.o(.bss)
    hspi1                                    0x20000490   Data          88  spi.o(.bss)
    htim2                                    0x200004e8   Data          64  tim.o(.bss)
    htim3                                    0x20000528   Data          64  tim.o(.bss)
    Str_RecvBuf                              0x20000568   Data         256  usart.o(.bss)
    huart1                                   0x20000668   Data          64  usart.o(.bss)
    huart3                                   0x200006a8   Data          64  usart.o(.bss)
    ucRTUBuf                                 0x20000708   Data         256  mbrtu.o(.bss)
    __libspace_start                         0x200015fc   Data          96  libspace.o(.bss)
    __temporary_stack_top$libspace           0x2000165c   Data           0  libspace.o(.bss)



==============================================================================

Memory Map of the image

  Image Entry point : 0x080000ed

  Load Region LR_IROM1 (Base: 0x08000000, Size: 0x00006ae4, Max: 0x00010000, ABSOLUTE, COMPRESSED[0x000069a8])

    Execution Region ER_IROM1 (Exec base: 0x08000000, Load base: 0x08000000, Size: 0x00006958, Max: 0x00010000, ABSOLUTE)

    Exec Addr    Load Addr    Size         Type   Attr      Idx    E Section Name        Object

    0x08000000   0x08000000   0x000000ec   Data   RO            3    RESET               startup_stm32f103xb.o
    0x080000ec   0x080000ec   0x00000008   Code   RO         6055  * !!!main             c_w.l(__main.o)
    0x080000f4   0x080000f4   0x00000034   Code   RO         6224    !!!scatter          c_w.l(__scatter.o)
    0x08000128   0x08000128   0x0000005a   Code   RO         6222    !!dczerorl2         c_w.l(__dczerorl2.o)
    0x08000182   0x08000182   0x00000002   PAD
    0x08000184   0x08000184   0x0000001c   Code   RO         6226    !!handler_zi        c_w.l(__scatter_zi.o)
    0x080001a0   0x080001a0   0x00000002   Code   RO         6105    .ARM.Collect$$libinit$$00000000  c_w.l(libinit.o)
    0x080001a2   0x080001a2   0x00000000   Code   RO         6116    .ARM.Collect$$libinit$$00000002  c_w.l(libinit2.o)
    0x080001a2   0x080001a2   0x00000000   Code   RO         6118    .ARM.Collect$$libinit$$00000004  c_w.l(libinit2.o)
    0x080001a2   0x080001a2   0x00000000   Code   RO         6121    .ARM.Collect$$libinit$$0000000A  c_w.l(libinit2.o)
    0x080001a2   0x080001a2   0x00000000   Code   RO         6123    .ARM.Collect$$libinit$$0000000C  c_w.l(libinit2.o)
    0x080001a2   0x080001a2   0x00000000   Code   RO         6125    .ARM.Collect$$libinit$$0000000E  c_w.l(libinit2.o)
    0x080001a2   0x080001a2   0x00000000   Code   RO         6128    .ARM.Collect$$libinit$$00000011  c_w.l(libinit2.o)
    0x080001a2   0x080001a2   0x00000000   Code   RO         6130    .ARM.Collect$$libinit$$00000013  c_w.l(libinit2.o)
    0x080001a2   0x080001a2   0x00000000   Code   RO         6132    .ARM.Collect$$libinit$$00000015  c_w.l(libinit2.o)
    0x080001a2   0x080001a2   0x00000000   Code   RO         6134    .ARM.Collect$$libinit$$00000017  c_w.l(libinit2.o)
    0x080001a2   0x080001a2   0x00000000   Code   RO         6136    .ARM.Collect$$libinit$$00000019  c_w.l(libinit2.o)
    0x080001a2   0x080001a2   0x00000000   Code   RO         6138    .ARM.Collect$$libinit$$0000001B  c_w.l(libinit2.o)
    0x080001a2   0x080001a2   0x00000000   Code   RO         6140    .ARM.Collect$$libinit$$0000001D  c_w.l(libinit2.o)
    0x080001a2   0x080001a2   0x00000000   Code   RO         6142    .ARM.Collect$$libinit$$0000001F  c_w.l(libinit2.o)
    0x080001a2   0x080001a2   0x00000000   Code   RO         6144    .ARM.Collect$$libinit$$00000021  c_w.l(libinit2.o)
    0x080001a2   0x080001a2   0x00000000   Code   RO         6146    .ARM.Collect$$libinit$$00000023  c_w.l(libinit2.o)
    0x080001a2   0x080001a2   0x00000000   Code   RO         6148    .ARM.Collect$$libinit$$00000025  c_w.l(libinit2.o)
    0x080001a2   0x080001a2   0x00000000   Code   RO         6152    .ARM.Collect$$libinit$$0000002C  c_w.l(libinit2.o)
    0x080001a2   0x080001a2   0x00000000   Code   RO         6154    .ARM.Collect$$libinit$$0000002E  c_w.l(libinit2.o)
    0x080001a2   0x080001a2   0x00000000   Code   RO         6156    .ARM.Collect$$libinit$$00000030  c_w.l(libinit2.o)
    0x080001a2   0x080001a2   0x00000000   Code   RO         6158    .ARM.Collect$$libinit$$00000032  c_w.l(libinit2.o)
    0x080001a2   0x080001a2   0x00000002   Code   RO         6159    .ARM.Collect$$libinit$$00000033  c_w.l(libinit2.o)
    0x080001a4   0x080001a4   0x00000002   Code   RO         6195    .ARM.Collect$$libshutdown$$00000000  c_w.l(libshutdown.o)
    0x080001a6   0x080001a6   0x00000000   Code   RO         6205    .ARM.Collect$$libshutdown$$00000002  c_w.l(libshutdown2.o)
    0x080001a6   0x080001a6   0x00000000   Code   RO         6207    .ARM.Collect$$libshutdown$$00000004  c_w.l(libshutdown2.o)
    0x080001a6   0x080001a6   0x00000000   Code   RO         6210    .ARM.Collect$$libshutdown$$00000007  c_w.l(libshutdown2.o)
    0x080001a6   0x080001a6   0x00000000   Code   RO         6213    .ARM.Collect$$libshutdown$$0000000A  c_w.l(libshutdown2.o)
    0x080001a6   0x080001a6   0x00000000   Code   RO         6215    .ARM.Collect$$libshutdown$$0000000C  c_w.l(libshutdown2.o)
    0x080001a6   0x080001a6   0x00000000   Code   RO         6218    .ARM.Collect$$libshutdown$$0000000F  c_w.l(libshutdown2.o)
    0x080001a6   0x080001a6   0x00000002   Code   RO         6219    .ARM.Collect$$libshutdown$$00000010  c_w.l(libshutdown2.o)
    0x080001a8   0x080001a8   0x00000000   Code   RO         6057    .ARM.Collect$$rtentry$$00000000  c_w.l(__rtentry.o)
    0x080001a8   0x080001a8   0x00000000   Code   RO         6069    .ARM.Collect$$rtentry$$00000002  c_w.l(__rtentry2.o)
    0x080001a8   0x080001a8   0x00000006   Code   RO         6081    .ARM.Collect$$rtentry$$00000004  c_w.l(__rtentry4.o)
    0x080001ae   0x080001ae   0x00000000   Code   RO         6071    .ARM.Collect$$rtentry$$00000009  c_w.l(__rtentry2.o)
    0x080001ae   0x080001ae   0x00000004   Code   RO         6072    .ARM.Collect$$rtentry$$0000000A  c_w.l(__rtentry2.o)
    0x080001b2   0x080001b2   0x00000000   Code   RO         6074    .ARM.Collect$$rtentry$$0000000C  c_w.l(__rtentry2.o)
    0x080001b2   0x080001b2   0x00000008   Code   RO         6075    .ARM.Collect$$rtentry$$0000000D  c_w.l(__rtentry2.o)
    0x080001ba   0x080001ba   0x00000002   Code   RO         6109    .ARM.Collect$$rtexit$$00000000  c_w.l(rtexit.o)
    0x080001bc   0x080001bc   0x00000000   Code   RO         6161    .ARM.Collect$$rtexit$$00000002  c_w.l(rtexit2.o)
    0x080001bc   0x080001bc   0x00000004   Code   RO         6162    .ARM.Collect$$rtexit$$00000003  c_w.l(rtexit2.o)
    0x080001c0   0x080001c0   0x00000006   Code   RO         6163    .ARM.Collect$$rtexit$$00000004  c_w.l(rtexit2.o)
    0x080001c6   0x080001c6   0x00000002   PAD
    0x080001c8   0x080001c8   0x00000096   Code   RO         5962    .emb_text           port_1.o
    0x0800025e   0x0800025e   0x00000002   PAD
    0x08000260   0x08000260   0x00000040   Code   RO            4    .text               startup_stm32f103xb.o
    0x080002a0   0x080002a0   0x00000080   Code   RO         6043    .text               c_w.l(assert.o)
    0x08000320   0x08000320   0x0000008a   Code   RO         6045    .text               c_w.l(rt_memcpy_v6.o)
    0x080003aa   0x080003aa   0x00000064   Code   RO         6047    .text               c_w.l(rt_memcpy_w.o)
    0x0800040e   0x0800040e   0x0000004e   Code   RO         6051    .text               c_w.l(rt_memclr_w.o)
    0x0800045c   0x0800045c   0x00000006   Code   RO         6053    .text               c_w.l(heapauxi.o)
    0x08000462   0x08000462   0x00000016   Code   RO         6058    .text               c_w.l(abort.o)
    0x08000478   0x08000478   0x00000014   Code   RO         6060    .text               c_w.l(assert_puts.o)
    0x0800048c   0x0800048c   0x0000000e   Code   RO         6064    .text               c_w.l(sys_wrch.o)
    0x0800049a   0x0800049a   0x00000002   PAD
    0x0800049c   0x0800049c   0x0000000c   Code   RO         6066    .text               c_w.l(sys_exit.o)
    0x080004a8   0x080004a8   0x0000000e   Code   RO         6083    .text               c_w.l(defsig_abrt_outer.o)
    0x080004b6   0x080004b6   0x00000002   Code   RO         6087    .text               c_w.l(use_no_semi.o)
    0x080004b8   0x080004b8   0x00000000   Code   RO         6089    .text               c_w.l(indicate_semi.o)
    0x080004b8   0x080004b8   0x0000004a   Code   RO         6090    .text               c_w.l(sys_stackheap_outer.o)
    0x08000502   0x08000502   0x00000012   Code   RO         6094    .text               c_w.l(exit.o)
    0x08000514   0x08000514   0x0000000a   Code   RO         6096    .text               c_w.l(defsig_exit.o)
    0x0800051e   0x0800051e   0x00000002   PAD
    0x08000520   0x08000520   0x00000030   Code   RO         6098    .text               c_w.l(defsig_abrt_inner.o)
    0x08000550   0x08000550   0x00000008   Code   RO         6106    .text               c_w.l(libspace.o)
    0x08000558   0x08000558   0x00000032   Code   RO         6113    .text               c_w.l(defsig_general.o)
    0x0800058a   0x0800058a   0x00000004   Code   RO          610    i.BusFault_Handler  stm32f1xx_it.o
    0x0800058e   0x0800058e   0x00000002   PAD
    0x08000590   0x08000590   0x00000038   Code   RO          252    i.Can_Filter_Config  can.o
    0x080005c8   0x080005c8   0x00000050   Code   RO          253    i.Can_Start         can.o
    0x08000618   0x08000618   0x00000034   Code   RO          254    i.Can_TxMsg         can.o
    0x0800064c   0x0800064c   0x00000002   Code   RO          611    i.DebugMon_Handler  stm32f1xx_it.o
    0x0800064e   0x0800064e   0x00000002   Code   RO           13    i.Error_Handler     main.o
    0x08000650   0x08000650   0x0000002a   Code   RO          765    i.HAL_CAN_ActivateNotification  stm32f1xx_hal_can.o
    0x0800067a   0x0800067a   0x00000156   Code   RO          766    i.HAL_CAN_AddTxMessage  stm32f1xx_hal_can.o
    0x080007d0   0x080007d0   0x0000010a   Code   RO          767    i.HAL_CAN_ConfigFilter  stm32f1xx_hal_can.o
    0x080008da   0x080008da   0x00000002   Code   RO          770    i.HAL_CAN_ErrorCallback  stm32f1xx_hal_can.o
    0x080008dc   0x080008dc   0x0000017a   Code   RO          773    i.HAL_CAN_GetRxMessage  stm32f1xx_hal_can.o
    0x08000a56   0x08000a56   0x0000024e   Code   RO          777    i.HAL_CAN_IRQHandler  stm32f1xx_hal_can.o
    0x08000ca4   0x08000ca4   0x00000174   Code   RO          778    i.HAL_CAN_Init      stm32f1xx_hal_can.o
    0x08000e18   0x08000e18   0x00000098   Code   RO          256    i.HAL_CAN_MspInit   can.o
    0x08000eb0   0x08000eb0   0x00000002   Code   RO          785    i.HAL_CAN_RxFifo0FullCallback  stm32f1xx_hal_can.o
    0x08000eb2   0x08000eb2   0x00000002   PAD
    0x08000eb4   0x08000eb4   0x00000060   Code   RO          257    i.HAL_CAN_RxFifo0MsgPendingCallback  can.o
    0x08000f14   0x08000f14   0x00000002   Code   RO          787    i.HAL_CAN_RxFifo1FullCallback  stm32f1xx_hal_can.o
    0x08000f16   0x08000f16   0x00000002   Code   RO          788    i.HAL_CAN_RxFifo1MsgPendingCallback  stm32f1xx_hal_can.o
    0x08000f18   0x08000f18   0x00000002   Code   RO          789    i.HAL_CAN_SleepCallback  stm32f1xx_hal_can.o
    0x08000f1a   0x08000f1a   0x0000005e   Code   RO          790    i.HAL_CAN_Start     stm32f1xx_hal_can.o
    0x08000f78   0x08000f78   0x00000002   Code   RO          792    i.HAL_CAN_TxMailbox0AbortCallback  stm32f1xx_hal_can.o
    0x08000f7a   0x08000f7a   0x00000002   Code   RO          793    i.HAL_CAN_TxMailbox0CompleteCallback  stm32f1xx_hal_can.o
    0x08000f7c   0x08000f7c   0x00000002   Code   RO          794    i.HAL_CAN_TxMailbox1AbortCallback  stm32f1xx_hal_can.o
    0x08000f7e   0x08000f7e   0x00000002   Code   RO          795    i.HAL_CAN_TxMailbox1CompleteCallback  stm32f1xx_hal_can.o
    0x08000f80   0x08000f80   0x00000002   Code   RO          796    i.HAL_CAN_TxMailbox2AbortCallback  stm32f1xx_hal_can.o
    0x08000f82   0x08000f82   0x00000002   Code   RO          797    i.HAL_CAN_TxMailbox2CompleteCallback  stm32f1xx_hal_can.o
    0x08000f84   0x08000f84   0x00000002   Code   RO          799    i.HAL_CAN_WakeUpFromRxMsgCallback  stm32f1xx_hal_can.o
    0x08000f86   0x08000f86   0x00000002   PAD
    0x08000f88   0x08000f88   0x000000b0   Code   RO         1383    i.HAL_DMA_Abort_IT  stm32f1xx_hal_dma.o
    0x08001038   0x08001038   0x00000028   Code   RO         1005    i.HAL_Delay         stm32f1xx_hal.o
    0x08001060   0x08001060   0x00000320   Code   RO         1318    i.HAL_GPIO_Init     stm32f1xx_hal_gpio.o
    0x08001380   0x08001380   0x0000000c   Code   RO         1322    i.HAL_GPIO_WritePin  stm32f1xx_hal_gpio.o
    0x0800138c   0x0800138c   0x0000000c   Code   RO         1009    i.HAL_GetTick       stm32f1xx_hal.o
    0x08001398   0x08001398   0x000001b8   Code   RO         2015    i.HAL_I2C_Init      stm32f1xx_hal_i2c.o
    0x08001550   0x08001550   0x00000074   Code   RO          388    i.HAL_I2C_MspInit   i2c.o
    0x080015c4   0x080015c4   0x00000018   Code   RO         1015    i.HAL_IncTick       stm32f1xx_hal.o
    0x080015dc   0x080015dc   0x00000028   Code   RO         1016    i.HAL_Init          stm32f1xx_hal.o
    0x08001604   0x08001604   0x0000004c   Code   RO         1017    i.HAL_InitTick      stm32f1xx_hal.o
    0x08001650   0x08001650   0x00000060   Code   RO          704    i.HAL_MspInit       stm32f1xx_hal_msp.o
    0x080016b0   0x080016b0   0x00000020   Code   RO         1478    i.HAL_NVIC_EnableIRQ  stm32f1xx_hal_cortex.o
    0x080016d0   0x080016d0   0x0000007c   Code   RO         1484    i.HAL_NVIC_SetPriority  stm32f1xx_hal_cortex.o
    0x0800174c   0x0800174c   0x00000028   Code   RO         1485    i.HAL_NVIC_SetPriorityGrouping  stm32f1xx_hal_cortex.o
    0x08001774   0x08001774   0x0000018c   Code   RO         1173    i.HAL_RCC_ClockConfig  stm32f1xx_hal_rcc.o
    0x08001900   0x08001900   0x0000000c   Code   RO         1178    i.HAL_RCC_GetHCLKFreq  stm32f1xx_hal_rcc.o
    0x0800190c   0x0800190c   0x00000020   Code   RO         1180    i.HAL_RCC_GetPCLK1Freq  stm32f1xx_hal_rcc.o
    0x0800192c   0x0800192c   0x00000020   Code   RO         1181    i.HAL_RCC_GetPCLK2Freq  stm32f1xx_hal_rcc.o
    0x0800194c   0x0800194c   0x00000094   Code   RO         1182    i.HAL_RCC_GetSysClockFreq  stm32f1xx_hal_rcc.o
    0x080019e0   0x080019e0   0x00000464   Code   RO         1185    i.HAL_RCC_OscConfig  stm32f1xx_hal_rcc.o
    0x08001e44   0x08001e44   0x00000088   Code   RO         2477    i.HAL_SPI_Init      stm32f1xx_hal_spi.o
    0x08001ecc   0x08001ecc   0x00000084   Code   RO          430    i.HAL_SPI_MspInit   spi.o
    0x08001f50   0x08001f50   0x00000034   Code   RO         1489    i.HAL_SYSTICK_Config  stm32f1xx_hal_cortex.o
    0x08001f84   0x08001f84   0x00000002   Code   RO         3476    i.HAL_TIMEx_BreakCallback  stm32f1xx_hal_tim_ex.o
    0x08001f86   0x08001f86   0x00000002   Code   RO         3477    i.HAL_TIMEx_CommutCallback  stm32f1xx_hal_tim_ex.o
    0x08001f88   0x08001f88   0x00000054   Code   RO         3494    i.HAL_TIMEx_MasterConfigSynchronization  stm32f1xx_hal_tim_ex.o
    0x08001fdc   0x08001fdc   0x00000034   Code   RO         2790    i.HAL_TIM_Base_Init  stm32f1xx_hal_tim.o
    0x08002010   0x08002010   0x00000078   Code   RO          499    i.HAL_TIM_Base_MspInit  tim.o
    0x08002088   0x08002088   0x0000002a   Code   RO         2795    i.HAL_TIM_Base_Start_IT  stm32f1xx_hal_tim.o
    0x080020b2   0x080020b2   0x00000038   Code   RO         2798    i.HAL_TIM_Base_Stop_IT  stm32f1xx_hal_tim.o
    0x080020ea   0x080020ea   0x00000108   Code   RO         2799    i.HAL_TIM_ConfigClockSource  stm32f1xx_hal_tim.o
    0x080021f2   0x080021f2   0x00000002   Code   RO         2819    i.HAL_TIM_IC_CaptureCallback  stm32f1xx_hal_tim.o
    0x080021f4   0x080021f4   0x00000196   Code   RO         2833    i.HAL_TIM_IRQHandler  stm32f1xx_hal_tim.o
    0x0800238a   0x0800238a   0x00000002   Code   RO         2836    i.HAL_TIM_OC_DelayElapsedCallback  stm32f1xx_hal_tim.o
    0x0800238c   0x0800238c   0x00000002   Code   RO         2863    i.HAL_TIM_PWM_PulseFinishedCallback  stm32f1xx_hal_tim.o
    0x0800238e   0x0800238e   0x00000002   PAD
    0x08002390   0x08002390   0x00000040   Code   RO          500    i.HAL_TIM_PeriodElapsedCallback  tim.o
    0x080023d0   0x080023d0   0x00000002   Code   RO         2876    i.HAL_TIM_TriggerCallback  stm32f1xx_hal_tim.o
    0x080023d2   0x080023d2   0x00000002   Code   RO         3738    i.HAL_UART_AbortReceiveCpltCallback  stm32f1xx_hal_uart.o
    0x080023d4   0x080023d4   0x00000078   Code   RO         3739    i.HAL_UART_AbortReceive_IT  stm32f1xx_hal_uart.o
    0x0800244c   0x0800244c   0x00000002   Code   RO         3748    i.HAL_UART_ErrorCallback  stm32f1xx_hal_uart.o
    0x0800244e   0x0800244e   0x00000002   PAD
    0x08002450   0x08002450   0x0000014c   Code   RO         3751    i.HAL_UART_IRQHandler  stm32f1xx_hal_uart.o
    0x0800259c   0x0800259c   0x00000072   Code   RO         3752    i.HAL_UART_Init     stm32f1xx_hal_uart.o
    0x0800260e   0x0800260e   0x00000002   PAD
    0x08002610   0x08002610   0x00000118   Code   RO          553    i.HAL_UART_MspInit  usart.o
    0x08002728   0x08002728   0x000000de   Code   RO         3755    i.HAL_UART_Receive  stm32f1xx_hal_uart.o
    0x08002806   0x08002806   0x00000070   Code   RO         3757    i.HAL_UART_Receive_IT  stm32f1xx_hal_uart.o
    0x08002876   0x08002876   0x00000002   PAD
    0x08002878   0x08002878   0x0000007c   Code   RO          554    i.HAL_UART_RxCpltCallback  usart.o
    0x080028f4   0x080028f4   0x000000d6   Code   RO         3760    i.HAL_UART_Transmit  stm32f1xx_hal_uart.o
    0x080029ca   0x080029ca   0x00000002   Code   RO         3763    i.HAL_UART_TxCpltCallback  stm32f1xx_hal_uart.o
    0x080029cc   0x080029cc   0x00000004   Code   RO          612    i.HardFault_Handler  stm32f1xx_it.o
    0x080029d0   0x080029d0   0x0000004c   Code   RO          258    i.MX_CAN_Init       can.o
    0x08002a1c   0x08002a1c   0x00000090   Code   RO          319    i.MX_FREERTOS_Init  freertos.o
    0x08002aac   0x08002aac   0x000000d0   Code   RO          228    i.MX_GPIO_Init      gpio.o
    0x08002b7c   0x08002b7c   0x0000003c   Code   RO          389    i.MX_I2C1_Init      i2c.o
    0x08002bb8   0x08002bb8   0x00000044   Code   RO          431    i.MX_SPI1_Init      spi.o
    0x08002bfc   0x08002bfc   0x0000006c   Code   RO          501    i.MX_TIM2_Init      tim.o
    0x08002c68   0x08002c68   0x0000006c   Code   RO          502    i.MX_TIM3_Init      tim.o
    0x08002cd4   0x08002cd4   0x00000038   Code   RO          555    i.MX_USART1_UART_Init  usart.o
    0x08002d0c   0x08002d0c   0x00000038   Code   RO          556    i.MX_USART3_UART_Init  usart.o
    0x08002d44   0x08002d44   0x00000004   Code   RO          613    i.MemManage_Handler  stm32f1xx_it.o
    0x08002d48   0x08002d48   0x00000002   Code   RO          614    i.NMI_Handler       stm32f1xx_it.o
    0x08002d4a   0x08002d4a   0x00000002   PAD
    0x08002d4c   0x08002d4c   0x00000028   Code   RO         1186    i.RCC_Delay         stm32f1xx_hal_rcc.o
    0x08002d74   0x08002d74   0x00000002   Code   RO         4661    i.RS485_USARTx_Init  portserial.o
    0x08002d76   0x08002d76   0x00000002   PAD
    0x08002d78   0x08002d78   0x00000020   Code   RO          320    i.StartCanTask      freertos.o
    0x08002d98   0x08002d98   0x0000000a   Code   RO          321    i.StartDefaultTask  freertos.o
    0x08002da2   0x08002da2   0x0000000e   Code   RO          322    i.StartModbusTask   freertos.o
    0x08002db0   0x08002db0   0x0000009c   Code   RO          323    i.StartPrintTask    freertos.o
    0x08002e4c   0x08002e4c   0x00000014   Code   RO          615    i.SysTick_Handler   stm32f1xx_it.o
    0x08002e60   0x08002e60   0x00000066   Code   RO           14    i.SystemClock_Config  main.o
    0x08002ec6   0x08002ec6   0x00000002   PAD
    0x08002ec8   0x08002ec8   0x00000058   Code   RO         4059    i.SystemInit        system_stm32f1xx.o
    0x08002f20   0x08002f20   0x00000010   Code   RO          616    i.TIM2_IRQHandler   stm32f1xx_it.o
    0x08002f30   0x08002f30   0x00000010   Code   RO          617    i.TIM3_IRQHandler   stm32f1xx_it.o
    0x08002f40   0x08002f40   0x00000074   Code   RO         2878    i.TIM_Base_SetConfig  stm32f1xx_hal_tim.o
    0x08002fb4   0x08002fb4   0x00000016   Code   RO         2889    i.TIM_ETR_SetConfig  stm32f1xx_hal_tim.o
    0x08002fca   0x08002fca   0x00000012   Code   RO         2890    i.TIM_ITRx_SetConfig  stm32f1xx_hal_tim.o
    0x08002fdc   0x08002fdc   0x00000026   Code   RO         2896    i.TIM_TI1_ConfigInputStage  stm32f1xx_hal_tim.o
    0x08003002   0x08003002   0x00000028   Code   RO         2898    i.TIM_TI2_ConfigInputStage  stm32f1xx_hal_tim.o
    0x0800302a   0x0800302a   0x00000014   Code   RO         3765    i.UART_DMAAbortOnError  stm32f1xx_hal_uart.o
    0x0800303e   0x0800303e   0x00000018   Code   RO         3770    i.UART_DMARxOnlyAbortCallback  stm32f1xx_hal_uart.o
    0x08003056   0x08003056   0x00000020   Code   RO         3775    i.UART_EndRxTransfer  stm32f1xx_hal_uart.o
    0x08003076   0x08003076   0x00000020   Code   RO         3776    i.UART_EndTransmit_IT  stm32f1xx_hal_uart.o
    0x08003096   0x08003096   0x000000a6   Code   RO         3778    i.UART_Receive_IT   stm32f1xx_hal_uart.o
    0x0800313c   0x0800313c   0x000001a0   Code   RO         3779    i.UART_SetConfig    stm32f1xx_hal_uart.o
    0x080032dc   0x080032dc   0x00000068   Code   RO         3780    i.UART_Transmit_IT  stm32f1xx_hal_uart.o
    0x08003344   0x08003344   0x0000006c   Code   RO         3781    i.UART_WaitOnFlagUntilTimeout  stm32f1xx_hal_uart.o
    0x080033b0   0x080033b0   0x00000010   Code   RO          618    i.USART1_IRQHandler  stm32f1xx_it.o
    0x080033c0   0x080033c0   0x00000028   Code   RO          619    i.USART3_IRQHandler  stm32f1xx_it.o
    0x080033e8   0x080033e8   0x00000010   Code   RO          620    i.USB_LP_CAN1_RX0_IRQHandler  stm32f1xx_it.o
    0x080033f8   0x080033f8   0x00000004   Code   RO          621    i.UsageFault_Handler  stm32f1xx_it.o
    0x080033fc   0x080033fc   0x00000010   Code   RO         1491    i.__NVIC_GetPriorityGrouping  stm32f1xx_hal_cortex.o
    0x0800340c   0x0800340c   0x00000028   Code   RO         1492    i.__NVIC_SetPriority  stm32f1xx_hal_cortex.o
    0x08003434   0x08003434   0x00000006   Code   RO         4185    i.__set_PRIMASK     mbascii.o
    0x0800343a   0x0800343a   0x00000006   Code   RO         4502    i.__set_PRIMASK     mbrtu.o
    0x08003440   0x08003440   0x0000004c   Code   RO         4186    i.eMBASCIIInit      mbascii.o
    0x0800348c   0x0800348c   0x000000b4   Code   RO         4187    i.eMBASCIIReceive   mbascii.o
    0x08003540   0x08003540   0x00000088   Code   RO         4188    i.eMBASCIISend      mbascii.o
    0x080035c8   0x080035c8   0x00000028   Code   RO         4189    i.eMBASCIIStart     mbascii.o
    0x080035f0   0x080035f0   0x0000001c   Code   RO         4190    i.eMBASCIIStop      mbascii.o
    0x0800360c   0x0800360c   0x00000028   Code   RO         4097    i.eMBEnable         mb.o
    0x08003634   0x08003634   0x000000ae   Code   RO         4278    i.eMBFuncReadCoils  mbfunccoils.o
    0x080036e2   0x080036e2   0x000000ac   Code   RO         4317    i.eMBFuncReadDiscreteInputs  mbfuncdisc.o
    0x0800378e   0x0800378e   0x0000008c   Code   RO         4341    i.eMBFuncReadHoldingRegister  mbfuncholding.o
    0x0800381a   0x0800381a   0x0000008c   Code   RO         4383    i.eMBFuncReadInputRegister  mbfuncinput.o
    0x080038a6   0x080038a6   0x000000d4   Code   RO         4342    i.eMBFuncReadWriteMultipleHoldingRegister  mbfuncholding.o
    0x0800397a   0x0800397a   0x00000002   PAD
    0x0800397c   0x0800397c   0x00000028   Code   RO         4407    i.eMBFuncReportSlaveID  mbfuncother.o
    0x080039a4   0x080039a4   0x00000070   Code   RO         4279    i.eMBFuncWriteCoil  mbfunccoils.o
    0x08003a14   0x08003a14   0x00000042   Code   RO         4343    i.eMBFuncWriteHoldingRegister  mbfuncholding.o
    0x08003a56   0x08003a56   0x00000090   Code   RO         4280    i.eMBFuncWriteMultipleCoils  mbfunccoils.o
    0x08003ae6   0x08003ae6   0x0000006e   Code   RO         4344    i.eMBFuncWriteMultipleHoldingRegister  mbfuncholding.o
    0x08003b54   0x08003b54   0x00000144   Code   RO         4098    i.eMBInit           mb.o
    0x08003c98   0x08003c98   0x00000138   Code   RO         4099    i.eMBPoll           mb.o
    0x08003dd0   0x08003dd0   0x0000005c   Code   RO         4503    i.eMBRTUInit        mbrtu.o
    0x08003e2c   0x08003e2c   0x000000b4   Code   RO         4504    i.eMBRTUReceive     mbrtu.o
    0x08003ee0   0x08003ee0   0x00000094   Code   RO         4505    i.eMBRTUSend        mbrtu.o
    0x08003f74   0x08003f74   0x00000028   Code   RO         4506    i.eMBRTUStart       mbrtu.o
    0x08003f9c   0x08003f9c   0x0000001c   Code   RO         4507    i.eMBRTUStop        mbrtu.o
    0x08003fb8   0x08003fb8   0x00000008   Code   RO         4578    i.eMBRegCoilsCB     port.o
    0x08003fc0   0x08003fc0   0x00000006   Code   RO         4579    i.eMBRegDiscreteCB  port.o
    0x08003fc6   0x08003fc6   0x00000002   PAD
    0x08003fc8   0x08003fc8   0x00000080   Code   RO         4580    i.eMBRegHoldingCB   port.o
    0x08004048   0x08004048   0x0000005c   Code   RO         4581    i.eMBRegInputCB     port.o
    0x080040a4   0x080040a4   0x00000010   Code   RO         5532    i.inHandlerMode     cmsis_os.o
    0x080040b4   0x080040b4   0x000000c8   Code   RO           15    i.main              main.o
    0x0800417c   0x0800417c   0x0000000e   Code   RO         5534    i.makeFreeRtosPriority  cmsis_os.o
    0x0800418a   0x0800418a   0x00000018   Code   RO         5536    i.osDelay           cmsis_os.o
    0x080041a2   0x080041a2   0x0000000a   Code   RO         5539    i.osKernelStart     cmsis_os.o
    0x080041ac   0x080041ac   0x0000004a   Code   RO         5565    i.osSemaphoreCreate  cmsis_os.o
    0x080041f6   0x080041f6   0x00000002   PAD
    0x080041f8   0x080041f8   0x00000050   Code   RO         5568    i.osSemaphoreRelease  cmsis_os.o
    0x08004248   0x08004248   0x00000068   Code   RO         5569    i.osSemaphoreWait   cmsis_os.o
    0x080042b0   0x080042b0   0x0000005e   Code   RO         5573    i.osThreadCreate    cmsis_os.o
    0x0800430e   0x0800430e   0x00000002   PAD
    0x08004310   0x08004310   0x00000098   Code   RO         5220    i.prvAddCurrentTaskToDelayedList  tasks.o
    0x080043a8   0x080043a8   0x000000b4   Code   RO         5221    i.prvAddNewTaskToReadyList  tasks.o
    0x0800445c   0x0800445c   0x00000048   Code   RO         5222    i.prvCheckTasksWaitingTermination  tasks.o
    0x080044a4   0x080044a4   0x0000002a   Code   RO         4898    i.prvCopyDataFromQueue  queue.o
    0x080044ce   0x080044ce   0x0000007c   Code   RO         4899    i.prvCopyDataToQueue  queue.o
    0x0800454a   0x0800454a   0x00000050   Code   RO         5223    i.prvDeleteTCB      tasks.o
    0x0800459a   0x0800459a   0x00000014   Code   RO         4900    i.prvGetDisinheritPriorityAfterTimeout  queue.o
    0x080045ae   0x080045ae   0x00000002   PAD
    0x080045b0   0x080045b0   0x0000007c   Code   RO         5901    i.prvHeapInit       heap_4.o
    0x0800462c   0x0800462c   0x00000028   Code   RO         5224    i.prvIdleTask       tasks.o
    0x08004654   0x08004654   0x00000026   Code   RO         4902    i.prvInitialiseNewQueue  queue.o
    0x0800467a   0x0800467a   0x000000aa   Code   RO         5225    i.prvInitialiseNewTask  tasks.o
    0x08004724   0x08004724   0x00000068   Code   RO         5226    i.prvInitialiseTaskLists  tasks.o
    0x0800478c   0x0800478c   0x00000068   Code   RO         5902    i.prvInsertBlockIntoFreeList  heap_4.o
    0x080047f4   0x080047f4   0x0000001a   Code   RO         4903    i.prvIsQueueEmpty   queue.o
    0x0800480e   0x0800480e   0x0000001e   Code   RO         4904    i.prvIsQueueFull    queue.o
    0x0800482c   0x0800482c   0x00000034   Code   RO         5227    i.prvResetNextTaskUnblockTime  tasks.o
    0x08004860   0x08004860   0x00000040   Code   RO         5963    i.prvTaskExitError  port_1.o
    0x080048a0   0x080048a0   0x0000007e   Code   RO         4905    i.prvUnlockQueue    queue.o
    0x0800491e   0x0800491e   0x00000022   Code   RO         4440    i.prveMBError2Exception  mbutils.o
    0x08004940   0x08004940   0x00000050   Code   RO         4191    i.prvucMBBIN2CHAR   mbascii.o
    0x08004990   0x08004990   0x00000026   Code   RO         4192    i.prvucMBCHAR2BIN   mbascii.o
    0x080049b6   0x080049b6   0x00000020   Code   RO         4193    i.prvucMBLRC        mbascii.o
    0x080049d6   0x080049d6   0x00000002   PAD
    0x080049d8   0x080049d8   0x00000010   Code   RO         4721    i.prvvTIMERExpiredISR  porttimer.o
    0x080049e8   0x080049e8   0x00000010   Code   RO         4662    i.prvvUARTRxISR     portserial.o
    0x080049f8   0x080049f8   0x00000010   Code   RO         4663    i.prvvUARTTxReadyISR  portserial.o
    0x08004a08   0x08004a08   0x0000013c   Code   RO         5903    i.pvPortMalloc      heap_4.o
    0x08004b44   0x08004b44   0x00000020   Code   RO         5229    i.pvTaskIncrementMutexHeldCount  tasks.o
    0x08004b64   0x08004b64   0x00000024   Code   RO         5964    i.pxPortInitialiseStack  port_1.o
    0x08004b88   0x08004b88   0x00000038   Code   RO         4476    i.usMBCRC16         mbcrc.o
    0x08004bc0   0x08004bc0   0x00000028   Code   RO         4858    i.uxListRemove      list.o
    0x08004be8   0x08004be8   0x00000018   Code   RO          324    i.vApplicationGetIdleTaskMemory  freertos.o
    0x08004c00   0x08004c00   0x0000001a   Code   RO         4859    i.vListInitialise   list.o
    0x08004c1a   0x08004c1a   0x00000006   Code   RO         4860    i.vListInitialiseItem  list.o
    0x08004c20   0x08004c20   0x00000034   Code   RO         4861    i.vListInsert       list.o
    0x08004c54   0x08004c54   0x00000018   Code   RO         4862    i.vListInsertEnd    list.o
    0x08004c6c   0x08004c6c   0x00000050   Code   RO         4664    i.vMBPortSerialEnable  portserial.o
    0x08004cbc   0x08004cbc   0x00000020   Code   RO         4751    i.vMBPortTimersDisable  porttimer.o
    0x08004cdc   0x08004cdc   0x00000020   Code   RO         4745    i.vMBPortTimersEnable  porttimer.o
    0x08004cfc   0x08004cfc   0x00000054   Code   RO         5966    i.vPortEnterCritical  port_1.o
    0x08004d50   0x08004d50   0x0000003c   Code   RO         5967    i.vPortExitCritical  port_1.o
    0x08004d8c   0x08004d8c   0x00000094   Code   RO         5904    i.vPortFree         heap_4.o
    0x08004e20   0x08004e20   0x00000028   Code   RO         5968    i.vPortSetupTimerInterrupt  port_1.o
    0x08004e48   0x08004e48   0x00000078   Code   RO         5969    i.vPortValidateInterruptPriority  port_1.o
    0x08004ec0   0x08004ec0   0x0000005c   Code   RO         5235    i.vTaskDelay        tasks.o
    0x08004f1c   0x08004f1c   0x00000018   Code   RO         5238    i.vTaskInternalSetTimeOutState  tasks.o
    0x08004f34   0x08004f34   0x0000000c   Code   RO         5239    i.vTaskMissedYield  tasks.o
    0x08004f40   0x08004f40   0x00000038   Code   RO         5241    i.vTaskPlaceOnEventList  tasks.o
    0x08004f78   0x08004f78   0x000000f4   Code   RO         5243    i.vTaskPriorityDisinheritAfterTimeout  tasks.o
    0x0800506c   0x0800506c   0x000000b0   Code   RO         5248    i.vTaskStartScheduler  tasks.o
    0x0800511c   0x0800511c   0x00000010   Code   RO         5250    i.vTaskSuspendAll   tasks.o
    0x0800512c   0x0800512c   0x0000008c   Code   RO         5251    i.vTaskSwitchContext  tasks.o
    0x080051b8   0x080051b8   0x0000017c   Code   RO         4194    i.xMBASCIIReceiveFSM  mbascii.o
    0x08005334   0x08005334   0x0000006c   Code   RO         4195    i.xMBASCIITimerT1SExpired  mbascii.o
    0x080053a0   0x080053a0   0x00000144   Code   RO         4196    i.xMBASCIITransmitFSM  mbascii.o
    0x080054e4   0x080054e4   0x00000024   Code   RO         4623    i.xMBPortEventGet   portevent.o
    0x08005508   0x08005508   0x00000010   Code   RO         4624    i.xMBPortEventInit  portevent.o
    0x08005518   0x08005518   0x00000018   Code   RO         4625    i.xMBPortEventPost  portevent.o
    0x08005530   0x08005530   0x00000020   Code   RO         4665    i.xMBPortSerialGetByte  portserial.o
    0x08005550   0x08005550   0x0000000c   Code   RO         4666    i.xMBPortSerialInit  portserial.o
    0x0800555c   0x0800555c   0x0000001c   Code   RO         4667    i.xMBPortSerialPutByte  portserial.o
    0x08005578   0x08005578   0x00000006   Code   RO         4722    i.xMBPortTimersInit  porttimer.o
    0x0800557e   0x0800557e   0x00000002   PAD
    0x08005580   0x08005580   0x000000d4   Code   RO         4508    i.xMBRTUReceiveFSM  mbrtu.o
    0x08005654   0x08005654   0x00000084   Code   RO         4509    i.xMBRTUTimerT35Expired  mbrtu.o
    0x080056d8   0x080056d8   0x000000bc   Code   RO         4510    i.xMBRTUTransmitFSM  mbrtu.o
    0x08005794   0x08005794   0x000000f8   Code   RO         5970    i.xPortStartScheduler  port_1.o
    0x0800588c   0x0800588c   0x00000034   Code   RO         5971    i.xPortSysTickHandler  port_1.o
    0x080058c0   0x080058c0   0x0000005e   Code   RO         4914    i.xQueueGenericCreate  queue.o
    0x0800591e   0x0800591e   0x000000de   Code   RO         4915    i.xQueueGenericCreateStatic  queue.o
    0x080059fc   0x080059fc   0x00000098   Code   RO         4916    i.xQueueGenericReset  queue.o
    0x08005a94   0x08005a94   0x000001a8   Code   RO         4917    i.xQueueGenericSend  queue.o
    0x08005c3c   0x08005c3c   0x000000e0   Code   RO         4919    i.xQueueGiveFromISR  queue.o
    0x08005d1c   0x08005d1c   0x000000ca   Code   RO         4925    i.xQueueReceiveFromISR  queue.o
    0x08005de6   0x08005de6   0x00000002   PAD
    0x08005de8   0x08005de8   0x000001b8   Code   RO         4926    i.xQueueSemaphoreTake  queue.o
    0x08005fa0   0x08005fa0   0x0000008c   Code   RO         5252    i.xTaskCheckForTimeOut  tasks.o
    0x0800602c   0x0800602c   0x00000064   Code   RO         5253    i.xTaskCreate       tasks.o
    0x08006090   0x08006090   0x000000b8   Code   RO         5254    i.xTaskCreateStatic  tasks.o
    0x08006148   0x08006148   0x00000020   Code   RO         5258    i.xTaskGetSchedulerState  tasks.o
    0x08006168   0x08006168   0x00000148   Code   RO         5261    i.xTaskIncrementTick  tasks.o
    0x080062b0   0x080062b0   0x000000c8   Code   RO         5264    i.xTaskPriorityDisinherit  tasks.o
    0x08006378   0x08006378   0x000000c8   Code   RO         5265    i.xTaskPriorityInherit  tasks.o
    0x08006440   0x08006440   0x00000098   Code   RO         5266    i.xTaskRemoveFromEventList  tasks.o
    0x080064d8   0x080064d8   0x00000104   Code   RO         5267    i.xTaskResumeAll    tasks.o
    0x080065dc   0x080065dc   0x00000070   Data   RO          326    .constdata          freertos.o
    0x0800664c   0x0800664c   0x00000018   Data   RO         4060    .constdata          system_stm32f1xx.o
    0x08006664   0x08006664   0x00000200   Data   RO         4477    .constdata          mbcrc.o
    0x08006864   0x08006864   0x0000002a   Data   RO          327    .conststring        freertos.o
    0x0800688e   0x0800688e   0x00000002   PAD
    0x08006890   0x08006890   0x00000044   Data   RO         4197    .conststring        mbascii.o
    0x080068d4   0x080068d4   0x00000063   Data   RO         4512    .conststring        mbrtu.o
    0x08006937   0x08006937   0x00000001   PAD
    0x08006938   0x08006938   0x00000020   Data   RO         6220    Region$$Table       anon$$obj.o


    Execution Region RW_IRAM1 (Exec base: 0x20000000, Load base: 0x08006958, Size: 0x00001c60, Max: 0x00005000, ABSOLUTE, COMPRESSED[0x00000050])

    Exec Addr    Load Addr    Size         Type   Attr      Idx    E Section Name        Object

    0x20000000   COMPRESSED   0x00000014   Data   RW          260    .data               can.o
    0x20000014   COMPRESSED   0x00000014   Data   RW          328    .data               freertos.o
    0x20000028   COMPRESSED   0x00000005   Data   RW          558    .data               usart.o
    0x2000002d   COMPRESSED   0x00000003   PAD
    0x20000030   COMPRESSED   0x00000009   Data   RW         1023    .data               stm32f1xx_hal.o
    0x20000039   COMPRESSED   0x00000003   PAD
    0x2000003c   COMPRESSED   0x00000004   Data   RW         4061    .data               system_stm32f1xx.o
    0x20000040   COMPRESSED   0x000000b5   Data   RW         4101    .data               mb.o
    0x200000f5   COMPRESSED   0x00000003   PAD
    0x200000f8   COMPRESSED   0x00000014   Data   RW         4198    .data               mbascii.o
    0x2000010c   COMPRESSED   0x00000002   Data   RW         4410    .data               mbfuncother.o
    0x2000010e   COMPRESSED   0x00000002   PAD
    0x20000110   COMPRESSED   0x0000000c   Data   RW         4513    .data               mbrtu.o
    0x2000011c   COMPRESSED   0x0000000c   Data   RW         4583    .data               port.o
    0x20000128   COMPRESSED   0x00000002   Data   RW         4626    .data               portevent.o
    0x2000012a   COMPRESSED   0x00000002   PAD
    0x2000012c   COMPRESSED   0x0000003c   Data   RW         5270    .data               tasks.o
    0x20000168   COMPRESSED   0x00000018   Data   RW         5909    .data               heap_4.o
    0x20000180   COMPRESSED   0x0000000c   Data   RW         5972    .data               port_1.o
    0x2000018c        -       0x0000005c   Zero   RW          259    .bss                can.o
    0x200001e8        -       0x00000254   Zero   RW          325    .bss                freertos.o
    0x2000043c        -       0x00000054   Zero   RW          390    .bss                i2c.o
    0x20000490        -       0x00000058   Zero   RW          432    .bss                spi.o
    0x200004e8        -       0x00000080   Zero   RW          503    .bss                tim.o
    0x20000568        -       0x00000180   Zero   RW          557    .bss                usart.o
    0x200006e8        -       0x00000020   Zero   RW         4409    .bss                mbfuncother.o
    0x20000708        -       0x00000100   Zero   RW         4511    .bss                mbrtu.o
    0x20000808        -       0x00000104   Zero   RW         4582    .bss                port.o
    0x2000090c        -       0x000000f0   Zero   RW         5269    .bss                tasks.o
    0x200009fc        -       0x00000c00   Zero   RW         5908    .bss                heap_4.o
    0x200015fc        -       0x00000060   Zero   RW         6107    .bss                c_w.l(libspace.o)
    0x2000165c   COMPRESSED   0x00000004   PAD
    0x20001660        -       0x00000200   Zero   RW            2    HEAP                startup_stm32f103xb.o
    0x20001860        -       0x00000400   Zero   RW            1    STACK               startup_stm32f103xb.o


==============================================================================

Image component sizes


      Code (inc. data)   RO Data    RW Data    ZI Data      Debug   Object Name

       512         74          0         20         92       3701   can.o
       416          8          0          0          0      28330   cmsis_os.o
         0          0          0          0          0      16648   event_groups.o
       380         86        154         20        596       4068   freertos.o
       208         14          0          0          0        903   gpio.o
       692         62          0         24       3072       7111   heap_4.o
       176         24          0          0         84       1493   i2c.o
       148          0          0          0          0       3314   list.o
       304         54          0          0          0     481657   main.o
       676        154          0        181          0       9584   mb.o
      1428        362         68         20          0       8447   mbascii.o
        56          8        512          0          0       1144   mbcrc.o
       430          0          0          0          0       3674   mbfunccoils.o
       172          0          0          0          0       1548   mbfuncdisc.o
       528          0          0          0          0       4879   mbfuncholding.o
       140          0          0          0          0       1499   mbfuncinput.o
        40         10          0          2         32       1307   mbfuncother.o
      1026        288         99         12        256       6359   mbrtu.o
        34          0          0          0          0        556   mbutils.o
       234         18          0         12        260       3377   port.o
       854         78          0         12          0      11041   port_1.o
        76         24          0          2          0       2020   portevent.o
       186         28          0          0          0       3989   portserial.o
        86         16          0          0          0       1911   porttimer.o
      2164         16          0          0          0      15408   queue.o
       200         20          0          0         88       1517   spi.o
        64         26        236          0       1536        792   startup_stm32f103xb.o
       192         36          0          9          0       5737   stm32f1xx_hal.o
      2108          0          0          0          0      13339   stm32f1xx_hal_can.o
       304         22          0          0          0      29291   stm32f1xx_hal_cortex.o
       176          4          0          0          0       1051   stm32f1xx_hal_dma.o
       812         34          0          0          0       2620   stm32f1xx_hal_gpio.o
       440         18          0          0          0       1979   stm32f1xx_hal_i2c.o
        96         10          0          0          0        834   stm32f1xx_hal_msp.o
      1784        110          0          0          0       5860   stm32f1xx_hal_rcc.o
       136          0          0          0          0       1071   stm32f1xx_hal_spi.o
      1062         12          0          0          0       9382   stm32f1xx_hal_tim.o
        88          0          0          0          0       2285   stm32f1xx_hal_tim_ex.o
      2022         16          0          0          0      11965   stm32f1xx_hal_uart.o
       144         28          0          0          0       5084   stm32f1xx_it.o
         0          0          0          0          0        392   stream_buffer.o
        88         18         24          4          0       1103   system_stm32f1xx.o
      3238        374          0         60        240      24209   tasks.o
       400         40          0          0        128       2743   tim.o
       516         70          0          5        384       3304   usart.o

    ----------------------------------------------------------------------
     24874       2162       1128        396       6768     748526   Object Totals
         0          0         32          0          0          0   (incl. Generated)
        38          0          3         13          0          0   (incl. Padding)

    ----------------------------------------------------------------------

      Code (inc. data)   RO Data    RW Data    ZI Data      Debug   Library Member Name

        90          0          0          0          0          0   __dczerorl2.o
         8          0          0          0          0         68   __main.o
         0          0          0          0          0          0   __rtentry.o
        12          0          0          0          0          0   __rtentry2.o
         6          0          0          0          0          0   __rtentry4.o
        52          8          0          0          0          0   __scatter.o
        28          0          0          0          0          0   __scatter_zi.o
        22          0          0          0          0         80   abort.o
       128         42          0          0          0         76   assert.o
        20          0          0          0          0         76   assert_puts.o
        48         34          0          0          0         76   defsig_abrt_inner.o
        14          0          0          0          0         80   defsig_abrt_outer.o
        10          0          0          0          0         68   defsig_exit.o
        50          0          0          0          0         88   defsig_general.o
        18          0          0          0          0         80   exit.o
         6          0          0          0          0        152   heapauxi.o
         0          0          0          0          0          0   indicate_semi.o
         2          0          0          0          0          0   libinit.o
         2          0          0          0          0          0   libinit2.o
         2          0          0          0          0          0   libshutdown.o
         2          0          0          0          0          0   libshutdown2.o
         8          4          0          0         96         68   libspace.o
        78          0          0          0          0         80   rt_memclr_w.o
       138          0          0          0          0         68   rt_memcpy_v6.o
       100          0          0          0          0         80   rt_memcpy_w.o
         2          0          0          0          0          0   rtexit.o
        10          0          0          0          0          0   rtexit2.o
        12          4          0          0          0         68   sys_exit.o
        74          0          0          0          0         80   sys_stackheap_outer.o
        14          0          0          0          0         76   sys_wrch.o
         2          0          0          0          0         68   use_no_semi.o

    ----------------------------------------------------------------------
       966         92          0          0        100       1432   Library Totals
         8          0          0          0          4          0   (incl. Padding)

    ----------------------------------------------------------------------

      Code (inc. data)   RO Data    RW Data    ZI Data      Debug   Library Name

       958         92          0          0         96       1432   c_w.l

    ----------------------------------------------------------------------
       966         92          0          0        100       1432   Library Totals

    ----------------------------------------------------------------------

==============================================================================


      Code (inc. data)   RO Data    RW Data    ZI Data      Debug   

     25840       2254       1128        396       6868     737110   Grand Totals
     25840       2254       1128         80       6868     737110   ELF Image Totals (compressed)
     25840       2254       1128         80          0          0   ROM Totals

==============================================================================

    Total RO  Size (Code + RO Data)                26968 (  26.34kB)
    Total RW  Size (RW Data + ZI Data)              7264 (   7.09kB)
    Total ROM Size (Code + RO Data + RW Data)      27048 (  26.41kB)

==============================================================================

